Component: ARM Compiler 5.06 update 6 (build 750) Tool: armlink [4d35ed]

==============================================================================

Section Cross References

    main.o(i.main) refers to bsp.o(i.BSP_Init) for BSP_Init
    system_stm32f4xx.o(i.SystemCoreClockUpdate) refers to system_stm32f4xx.o(.data) for SystemCoreClock
    system_stm32f4xx.o(i.SystemInit) refers to system_stm32f4xx.o(i.SetSysClock) for SetSysClock
    stm32f4xx_adc.o(i.ADC_DeInit) refers to stm32f4xx_rcc.o(i.RCC_APB2PeriphResetCmd) for RCC_APB2PeriphResetCmd
    stm32f4xx_can.o(i.CAN_DeInit) refers to stm32f4xx_rcc.o(i.RCC_APB1PeriphResetCmd) for RCC_APB1PeriphResetCmd
    stm32f4xx_can.o(i.CAN_GetITStatus) refers to stm32f4xx_can.o(i.CheckITStatus) for CheckITStatus
    stm32f4xx_gpio.o(i.GPIO_DeInit) refers to stm32f4xx_rcc.o(i.RCC_AHB1PeriphResetCmd) for RCC_AHB1PeriphResetCmd
    stm32f4xx_rcc.o(i.RCC_GetClocksFreq) refers to stm32f4xx_rcc.o(.data) for APBAHBPrescTable
    stm32f4xx_rcc.o(i.RCC_WaitForHSEStartUp) refers to stm32f4xx_rcc.o(i.RCC_GetFlagStatus) for RCC_GetFlagStatus
    stm32f4xx_rng.o(i.RNG_DeInit) refers to stm32f4xx_rcc.o(i.RCC_AHB2PeriphResetCmd) for RCC_AHB2PeriphResetCmd
    stm32f4xx_spi.o(i.SPI_I2S_DeInit) refers to stm32f4xx_rcc.o(i.RCC_APB2PeriphResetCmd) for RCC_APB2PeriphResetCmd
    stm32f4xx_spi.o(i.SPI_I2S_DeInit) refers to stm32f4xx_rcc.o(i.RCC_APB1PeriphResetCmd) for RCC_APB1PeriphResetCmd
    stm32f4xx_syscfg.o(i.SYSCFG_DeInit) refers to stm32f4xx_rcc.o(i.RCC_APB2PeriphResetCmd) for RCC_APB2PeriphResetCmd
    stm32f4xx_tim.o(i.TIM_DeInit) refers to stm32f4xx_rcc.o(i.RCC_APB2PeriphResetCmd) for RCC_APB2PeriphResetCmd
    stm32f4xx_tim.o(i.TIM_DeInit) refers to stm32f4xx_rcc.o(i.RCC_APB1PeriphResetCmd) for RCC_APB1PeriphResetCmd
    stm32f4xx_tim.o(i.TIM_ETRClockMode1Config) refers to stm32f4xx_tim.o(i.TIM_ETRConfig) for TIM_ETRConfig
    stm32f4xx_tim.o(i.TIM_ETRClockMode2Config) refers to stm32f4xx_tim.o(i.TIM_ETRConfig) for TIM_ETRConfig
    stm32f4xx_tim.o(i.TIM_ICInit) refers to stm32f4xx_tim.o(i.TI1_Config) for TI1_Config
    stm32f4xx_tim.o(i.TIM_ICInit) refers to stm32f4xx_tim.o(i.TIM_SetIC1Prescaler) for TIM_SetIC1Prescaler
    stm32f4xx_tim.o(i.TIM_ICInit) refers to stm32f4xx_tim.o(i.TI2_Config) for TI2_Config
    stm32f4xx_tim.o(i.TIM_ICInit) refers to stm32f4xx_tim.o(i.TIM_SetIC2Prescaler) for TIM_SetIC2Prescaler
    stm32f4xx_tim.o(i.TIM_ICInit) refers to stm32f4xx_tim.o(i.TI3_Config) for TI3_Config
    stm32f4xx_tim.o(i.TIM_ICInit) refers to stm32f4xx_tim.o(i.TIM_SetIC3Prescaler) for TIM_SetIC3Prescaler
    stm32f4xx_tim.o(i.TIM_ICInit) refers to stm32f4xx_tim.o(i.TI4_Config) for TI4_Config
    stm32f4xx_tim.o(i.TIM_ICInit) refers to stm32f4xx_tim.o(i.TIM_SetIC4Prescaler) for TIM_SetIC4Prescaler
    stm32f4xx_tim.o(i.TIM_ITRxExternalClockConfig) refers to stm32f4xx_tim.o(i.TIM_SelectInputTrigger) for TIM_SelectInputTrigger
    stm32f4xx_tim.o(i.TIM_PWMIConfig) refers to stm32f4xx_tim.o(i.TI1_Config) for TI1_Config
    stm32f4xx_tim.o(i.TIM_PWMIConfig) refers to stm32f4xx_tim.o(i.TIM_SetIC1Prescaler) for TIM_SetIC1Prescaler
    stm32f4xx_tim.o(i.TIM_PWMIConfig) refers to stm32f4xx_tim.o(i.TI2_Config) for TI2_Config
    stm32f4xx_tim.o(i.TIM_PWMIConfig) refers to stm32f4xx_tim.o(i.TIM_SetIC2Prescaler) for TIM_SetIC2Prescaler
    stm32f4xx_tim.o(i.TIM_TIxExternalClockConfig) refers to stm32f4xx_tim.o(i.TI2_Config) for TI2_Config
    stm32f4xx_tim.o(i.TIM_TIxExternalClockConfig) refers to stm32f4xx_tim.o(i.TI1_Config) for TI1_Config
    stm32f4xx_tim.o(i.TIM_TIxExternalClockConfig) refers to stm32f4xx_tim.o(i.TIM_SelectInputTrigger) for TIM_SelectInputTrigger
    stm32f4xx_usart.o(i.USART_DeInit) refers to stm32f4xx_rcc.o(i.RCC_APB2PeriphResetCmd) for RCC_APB2PeriphResetCmd
    stm32f4xx_usart.o(i.USART_DeInit) refers to stm32f4xx_rcc.o(i.RCC_APB1PeriphResetCmd) for RCC_APB1PeriphResetCmd
    stm32f4xx_usart.o(i.USART_Init) refers to stm32f4xx_rcc.o(i.RCC_GetClocksFreq) for RCC_GetClocksFreq
    startup_stm32f40_41xxx.o(STACK) refers (Special) to heapauxi.o(.text) for __use_two_region_memory
    startup_stm32f40_41xxx.o(HEAP) refers (Special) to heapauxi.o(.text) for __use_two_region_memory
    startup_stm32f40_41xxx.o(RESET) refers (Special) to heapauxi.o(.text) for __use_two_region_memory
    startup_stm32f40_41xxx.o(RESET) refers to startup_stm32f40_41xxx.o(STACK) for __initial_sp
    startup_stm32f40_41xxx.o(RESET) refers to startup_stm32f40_41xxx.o(.text) for Reset_Handler
    startup_stm32f40_41xxx.o(RESET) refers to stm32f4xx_it.o(i.NMI_Handler) for NMI_Handler
    startup_stm32f40_41xxx.o(RESET) refers to stm32f4xx_it.o(i.HardFault_Handler) for HardFault_Handler
    startup_stm32f40_41xxx.o(RESET) refers to stm32f4xx_it.o(i.MemManage_Handler) for MemManage_Handler
    startup_stm32f40_41xxx.o(RESET) refers to stm32f4xx_it.o(i.BusFault_Handler) for BusFault_Handler
[...]
    CMFollowVal_QUICK                        0x2000027a   Data           2  cmcontrol.o(.data)
    max_output_speed                         0x2000027c   Data           4  cmcontrol.o(.data)
    singl_max                                0x20000280   Data           4  cmcontrol.o(.data)
    speed_step                               0x20000284   Data           4  cmcontrol.o(.data)
    output_current_sum                       0x20000288   Data           4  cmcontrol.o(.data)
    spin_y                                   0x2000028c   Data           4  cmcontrol.o(.data)
    spin_x                                   0x20000290   Data           4  cmcontrol.o(.data)
    climb_mode_flag                          0x20000294   Data           1  cmcontrol.o(.data)
    cm_normal_p                              0x20000298   Data           4  cmcontrol.o(.data)
    cm_normal_i                              0x2000029c   Data           4  cmcontrol.o(.data)
    cm_normal_d                              0x200002a0   Data           4  cmcontrol.o(.data)
    cm_climb_p                               0x200002a4   Data           4  cmcontrol.o(.data)
    cm_climb_i                               0x200002a8   Data           4  cmcontrol.o(.data)
    cm_climb_d                               0x200002ac   Data           4  cmcontrol.o(.data)
    rotate_speed                             0x200002b0   Data           4  cmcontrol.o(.data)
    rotate_speed_dir                         0x200002b4   Data           4  cmcontrol.o(.data)
    rotate_change_para                       0x200002b8   Data           4  cmcontrol.o(.data)
    rotate_counter                           0x200002bc   Data           4  cmcontrol.o(.data)
    rotate_counter_100ms                     0x200002c0   Data           4  cmcontrol.o(.data)
    out_a                                    0x200002c4   Data           2  cmcontrol.o(.data)
    lec_numA                                 0x200002c8   Data           4  cmcontrol.o(.data)
    lec_numB                                 0x200002cc   Data           4  cmcontrol.o(.data)
    lec_numC                                 0x200002d0   Data           4  cmcontrol.o(.data)
    lec_numD                                 0x200002d4   Data           4  cmcontrol.o(.data)
    pre_current_A                            0x200002d8   Data           2  cmcontrol.o(.data)
    pre_current_B                            0x200002da   Data           2  cmcontrol.o(.data)
    pre_current_C                            0x200002dc   Data           2  cmcontrol.o(.data)
    pre_current_D                            0x200002de   Data           2  cmcontrol.o(.data)
    current_step                             0x200002e0   Data           2  cmcontrol.o(.data)
    super_cap_flag                           0x200002e2   Data           1  cmcontrol.o(.data)
    cm_switch_delay                          0x200002e3   Data           1  cmcontrol.o(.data)
    rotate_shift_count                       0x200002e4   Data           4  cmcontrol.o(.data)
    Yaw_gyro                                 0x200002e8   Data           4  euler.o(.data)
    Roll_gyro                                0x200002ec   Data           4  euler.o(.data)
    Pitch_gyro                               0x200002f0   Data           4  euler.o(.data)
    Yaw_mag                                  0x200002f4   Data           4  euler.o(.data)
    Roll_accel                               0x200002f8   Data           4  euler.o(.data)
    Pitch_accel                              0x200002fc   Data           4  euler.o(.data)
    Yaw                                      0x20000300   Data           4  euler.o(.data)
    Roll                                     0x20000304   Data           4  euler.o(.data)
    Pitch                                    0x20000308   Data           4  euler.o(.data)
    Yaw_Offset                               0x2000030c   Data           4  euler.o(.data)
    Pitch_Offset                             0x20000310   Data           4  euler.o(.data)
    Roll_Offset                              0x20000314   Data           4  euler.o(.data)
    count                                    0x20000318   Data           4  euler.o(.data)
    delay_speed                              0x2000031c   Data           4  euler.o(.data)
    euler_count                              0x20000320   Data           4  euler.o(.data)
    yaw_zero_float                           0x20000328   Data           8  euler.o(.data)
    Shoot_UP_HIGH                            0x20000330   Data           4  shootcontrol.o(.data)
    Shoot_UP_LOW                             0x20000334   Data           4  shootcontrol.o(.data)
    Shoot_UP                                 0x20000338   Data           4  shootcontrol.o(.data)
    Shoot_UP_Pre                             0x2000033c   Data           4  shootcontrol.o(.data)
    heat_limite                              0x20000340   Data           4  shootcontrol.o(.data)
    PIDOut_Position_Shoot                    0x20000344   Data           4  shootcontrol.o(.data)
    PIDOut_Speed_Shoot                       0x20000348   Data           4  shootcontrol.o(.data)
    PIDOut_Whole_Shoot                       0x2000034c   Data           4  shootcontrol.o(.data)
    shoot_pp                                 0x20000350   Data           4  shootcontrol.o(.data)
    shoot_pi                                 0x20000354   Data           4  shootcontrol.o(.data)
    shoot_pd                                 0x20000358   Data           4  shootcontrol.o(.data)
    shoot_sp                                 0x2000035c   Data           4  shootcontrol.o(.data)
    shoot_si                                 0x20000360   Data           4  shootcontrol.o(.data)
    shoot_sd                                 0x20000364   Data           4  shootcontrol.o(.data)
    test_shootmotor_gothrought               0x20000368   Data           4  shootcontrol.o(.data)
    last_207                                 0x2000036c   Data           4  shootcontrol.o(.data)
    frictionState                            0x20000370   Data           2  shootcontrol.o(.data)
    friction_count                           0x20000372   Data           2  shootcontrol.o(.data)
    flag_FrtctionDelay                       0x20000374   Data           1  shootcontrol.o(.data)
    friction_acce_flag                       0x20000378   Data           4  shootcontrol.o(.data)
    acce_delay                               0x2000037c   Data           4  shootcontrol.o(.data)
    acce_delay_init                          0x20000380   Data           4  shootcontrol.o(.data)
    friction_speed_temp                      0x20000384   Data           4  shootcontrol.o(.data)
    friction_die_time                        0x20000388   Data           4  shootcontrol.o(.data)
    friction_die_flag                        0x2000038c   Data           1  shootcontrol.o(.data)
    time_tick_1ms_shoot                      0x20000390   Data           4  shootcontrol.o(.data)
    friction_acce_flag_re                    0x20000394   Data           1  shootcontrol.o(.data)
    friction_dece_flag                       0x20000395   Data           1  shootcontrol.o(.data)
    reach_flag                               0x20000396   Data           1  shootcontrol.o(.data)
    speed_current                            0x20000398   Data           4  shootcontrol.o(.data)
    last_bullet_speed                        0x2000039c   Data           4  shootcontrol.o(.data)
    last_shootspeed4BB                       0x200003a0   Data           4  shootcontrol.o(.data)
    friction_state_flag                      0x200003a4   Data           1  shootcontrol.o(.data)
    auto_begin                               0x200003a8   Data           4  shootcontrol.o(.data)
    bullet_added_flag                        0x200003ac   Data           4  shootcontrol.o(.data)
    bullet_add_delay                         0x200003b0   Data           4  shootcontrol.o(.data)
    bullet_add_delay_init                    0x200003b4   Data           4  shootcontrol.o(.data)
    bullet_clear_count                       0x200003b8   Data           4  shootcontrol.o(.data)
    shoot_up_speed_flag                      0x200003bc   Data           1  shootcontrol.o(.data)
    shoot_speed_change_flag_count            0x200003c0   Data           4  shootcontrol.o(.data)
    bullet_speed_high_record                 0x200003c4   Data          20  shootcontrol.o(.data)
    bullet_speed_low_record                  0x200003d8   Data          20  shootcontrol.o(.data)
    aver_bs                                  0x200003ec   Data           4  shootcontrol.o(.data)
    check                                    0x200003f0   Data           4  shootcontrol.o(.data)
    temp_pwm                                 0x200003f4   Data           2  shootcontrol.o(.data)
    stuck_count                              0x200003f8   Data           4  shootcontrol.o(.data)
    inver_rotate_delay                       0x200003fc   Data           4  shootcontrol.o(.data)
    inver_rotate_delay_init                  0x20000400   Data           4  shootcontrol.o(.data)
    ssp                                      0x20000404   Data           4  shootcontrol.o(.data)
    ssi                                      0x20000408   Data           4  shootcontrol.o(.data)
    ssd                                      0x2000040c   Data           4  shootcontrol.o(.data)
    bullet                                   0x20000410   Data           1  shootcontrol.o(.data)
    press_flag                               0x20000414   Data           4  shootcontrol.o(.data)
    ta_err                                   0x20000418   Data           4  shootcontrol.o(.data)
    remain_bullet                            0x2000041c   Data           4  shootcontrol.o(.data)
    target_pre                               0x20000420   Data           4  shootcontrol.o(.data)
    target_diff                              0x20000424   Data           4  shootcontrol.o(.data)
    bullet_delay_count                       0x20000428   Data           8  shootcontrol.o(.data)
    COMPENSATE                               0x20000430   Data           4  shootcontrol.o(.data)
    MAFilter_Threshold                       0x20000434   Data           4  shootcontrol.o(.data)
    delta_lim                                0x20000438   Data           4  shootcontrol.o(.data)
    dspd_gain                                0x2000043c   Data           4  shootcontrol.o(.data)
    dspd_gain2                               0x20000440   Data           4  shootcontrol.o(.data)
    parameter_bigbuff_yaw                    0x20000448   Data           8  auto_aim.o(.data)
    parameter_bigbuff_pitch                  0x20000450   Data           8  auto_aim.o(.data)
    get_target                               0x20000458   Data           4  auto_aim.o(.data)
    be_static                                0x2000045c   Data           4  auto_aim.o(.data)
    send_finish                              0x20000460   Data           4  auto_aim.o(.data)
    last_206                                 0x20000464   Data           4  auto_aim.o(.data)
    last_205                                 0x20000468   Data           4  auto_aim.o(.data)
    yaw_afterFilter                          0x2000046c   Data           4  auto_aim.o(.data)
    pitch_afterFilter                        0x20000470   Data           4  auto_aim.o(.data)
    back2middle                              0x20000474   Data           4  auto_aim.o(.data)
    shooter_heat0_last                       0x20000478   Data           2  auto_aim.o(.data)
    firstIN                                  0x2000047c   Data           4  auto_aim.o(.data)
    direction_wait                           0x20000480   Data           4  auto_aim.o(.data)
    last_shoot_seq                           0x20000484   Data           4  auto_aim.o(.data)
    why_not_shoot                            0x20000488   Data           4  auto_aim.o(.data)
    shoot_next                               0x2000048c   Data           4  auto_aim.o(.data)
    beforeShoot_yaw_pos                      0x20000490   Data           4  auto_aim.o(.data)
    beforeShoot_pitch_pos                    0x20000494   Data           4  auto_aim.o(.data)
    big_moveBegin                            0x20000498   Data           4  auto_aim.o(.data)
    big_moveOver                             0x2000049c   Data           4  auto_aim.o(.data)
    parameter_yaw                            0x200004a0   Data           8  auto_aim.o(.data)
    parameter_pitch                          0x200004a8   Data           8  auto_aim.o(.data)
    view_ch2                                 0x200004b0   Data           8  auto_aim.o(.data)
    view_ch3                                 0x200004b8   Data           8  auto_aim.o(.data)
    virual_ch2                               0x200004c0   Data           8  auto_aim.o(.data)
    virual_ch3                               0x200004c8   Data           8  auto_aim.o(.data)
    last_view_ch2                            0x200004d0   Data           8  auto_aim.o(.data)
    last_view_ch3                            0x200004d8   Data           8  auto_aim.o(.data)
    view_ch2_interval                        0x200004e0   Data           8  auto_aim.o(.data)
    view_ch3_interval                        0x200004e8   Data           8  auto_aim.o(.data)
    step_ch2                                 0x200004f0   Data           8  auto_aim.o(.data)
    step_ch3                                 0x200004f8   Data           8  auto_aim.o(.data)
    last_step_ch2                            0x20000500   Data           8  auto_aim.o(.data)
    last_step_ch3                            0x20000508   Data           8  auto_aim.o(.data)
    visual_yaw_kp                            0x20000510   Data           8  auto_aim.o(.data)
    visual_yaw_kp_init                       0x20000518   Data           8  auto_aim.o(.data)
    visual_yaw_kp_temp                       0x20000520   Data           8  auto_aim.o(.data)
    slow_point                               0x20000528   Data           8  auto_aim.o(.data)
    v_step                                   0x20000530   Data           4  auto_aim.o(.data)
    visual_yaw_ki                            0x20000538   Data           8  auto_aim.o(.data)
    visual_yaw_kd                            0x20000540   Data           8  auto_aim.o(.data)
    integral_yaw                             0x20000548   Data           8  auto_aim.o(.data)
    visual_pitch_kp                          0x20000550   Data           8  auto_aim.o(.data)
    visual_pitch_ki                          0x20000558   Data           8  auto_aim.o(.data)
    visual_pitch_kd                          0x20000560   Data           8  auto_aim.o(.data)
    visual_yaw_kp_big                        0x20000568   Data           8  auto_aim.o(.data)
    visual_yaw_kd_big                        0x20000570   Data           8  auto_aim.o(.data)
    visual_pitch_kp_big                      0x20000578   Data           8  auto_aim.o(.data)
    visual_pitch_ki_big                      0x20000580   Data           8  auto_aim.o(.data)
    visual_pitch_kd_big                      0x20000588   Data           8  auto_aim.o(.data)
    integral_pitch                           0x20000590   Data           8  auto_aim.o(.data)
    now_yaw_angle                            0x20000598   Data           8  auto_aim.o(.data)
    last_yaw_angle                           0x200005a0   Data           8  auto_aim.o(.data)
    visual_yaw_pid_out                       0x200005a8   Data           8  auto_aim.o(.data)
    visual_pitch_pid_out                     0x200005b0   Data           8  auto_aim.o(.data)
    FirstFlag                                0x200005b8   Data           4  auto_aim.o(.data)
    time_count                               0x200005bc   Data           4  auto_aim.o(.data)
    time_interval                            0x200005c0   Data           4  auto_aim.o(.data)
    if_newframe                              0x200005c4   Data           4  auto_aim.o(.data)
    if_rotate_ok                             0x200005c8   Data           4  auto_aim.o(.data)
    if_if_newframe                           0x200005cc   Data           4  auto_aim.o(.data)
    vie_temp                                 0x200005d0   Data           4  auto_aim.o(.data)
    auto_aim_renew_flag                      0x200005d4   Data           1  auto_aim.o(.data)
    auto_aim_yaw                             0x200005d8   Data           4  auto_aim.o(.data)
    auto_aim_pit                             0x200005dc   Data           4  auto_aim.o(.data)
    last_auto_aim_pit                        0x200005e0   Data           4  auto_aim.o(.data)
    last_auto_aim_yaw                        0x200005e4   Data           4  auto_aim.o(.data)
    auto_aim_yaw_temp                        0x200005e8   Data           4  auto_aim.o(.data)
    auto_aim_pit_temp                        0x200005ec   Data           4  auto_aim.o(.data)
    auto_aim_yaw_tar                         0x200005f0   Data           4  auto_aim.o(.data)
    auto_aim_pit_tar                         0x200005f4   Data           4  auto_aim.o(.data)
    bigbuff_yaw                              0x200005f8   Data           4  auto_aim.o(.data)
    bigbuff_pit                              0x200005fc   Data           4  auto_aim.o(.data)
    bigbuff_yaw_temp                         0x20000600   Data           4  auto_aim.o(.data)
    bigbuff_pit_temp                         0x20000604   Data           4  auto_aim.o(.data)
    timeout_count                            0x20000608   Data           4  auto_aim.o(.data)
    last_yaw                                 0x2000060c   Data           4  auto_aim.o(.data)
    last_pitch                               0x20000610   Data           4  auto_aim.o(.data)
    bigbuff_change                           0x20000614   Data           4  auto_aim.o(.data)
    if_newframe_bigbuff                      0x20000618   Data           4  auto_aim.o(.data)
    newframe_waiting                         0x2000061c   Data           4  auto_aim.o(.data)
    reachPitch_Max                           0x20000620   Data           4  auto_aim.o(.data)
    reachPitch_Min                           0x20000624   Data           4  auto_aim.o(.data)
    upack_count                              0x20000628   Data           4  auto_aim.o(.data)
    last_time_tick_1ms                       0x2000062c   Data           4  auto_aim.o(.data)
    last_last_time_tick_1ms                  0x20000630   Data           4  auto_aim.o(.data)
    temp_yaw_target_p                        0x20000634   Data           4  auto_aim.o(.data)
    temp_pitch_target_p                      0x20000638   Data           4  auto_aim.o(.data)
    auto_aim_count_                          0x2000063c   Data           4  auto_aim.o(.data)
    yaw_bias                                 0x20000640   Data           4  auto_aim.o(.data)
    pitch_bias                               0x20000644   Data           4  auto_aim.o(.data)
    cmd_id                                   0x20000648   Data           2  refereeinfo.o(.data)
    ext_game_state                           0x2000064a   Data           3  refereeinfo.o(.data)
    ext_game_result                          0x2000064d   Data           1  refereeinfo.o(.data)
    ext_event_data                           0x2000064e   Data           4  refereeinfo.o(.data)
    ext_supply_projectile_action             0x20000652   Data           3  refereeinfo.o(.data)
    ext_supply_projectile_booking            0x20000655   Data           2  refereeinfo.o(.data)
    ext_buff_musk                            0x20000657   Data           1  refereeinfo.o(.data)
    ext_aerial_robot_energy                  0x20000658   Data           2  refereeinfo.o(.data)
    ext_robot_hurt                           0x2000065a   Data           1  refereeinfo.o(.data)
    ext_shoot_data                           0x2000065b   Data           6  refereeinfo.o(.data)
    ext_student_interactive_header_data      0x20000661   Data           8  refereeinfo.o(.data)
    custom_info_counter                      0x20000669   Data           1  refereeinfo.o(.data)
    seq                                      0x2000066a   Data           1  refereeinfo.o(.data)
    seq_real                                 0x2000066b   Data           1  refereeinfo.o(.data)
    bytes2float                              0x2000066c   Data           4  refereeinfo.o(.data)
    bytes2u32                                0x20000670   Data           4  refereeinfo.o(.data)
    message_byte_counter                     0x20000674   Data           4  refereeinfo.o(.data)
    blood_counter                            0x20000678   Data           1  refereeinfo.o(.data)
    shoot_seq                                0x2000067c   Data           4  refereeinfo.o(.data)
    last_time_tick_1ms_1                     0x20000680   Data           4  refereeinfo.o(.data)
    time_interval_1                          0x20000684   Data           4  refereeinfo.o(.data)
    CRC_INIT                                 0x20000688   Data           2  refereeinfo.o(.data)
    first_draw                               0x2000068a   Data           1  refereeinfo.o(.data)
    mask_temp                                0x2000068b   Data           1  refereeinfo.o(.data)
    send_data_count                          0x20000690   Data           8  refereeinfo.o(.data)
    send_time_counter                        0x20000698   Data           4  sendcom.o(.data)
    pre_remoteState                          0x2000069c   Data           1  sendcom.o(.data)
    entering_auto_aim                        0x200006a0   Data           4  sendcom.o(.data)
    time_tick_1ms                            0x200006a4   Data           4  controltask.o(.data)
    remoteState_pre                          0x200006a8   Data           1  controltask.o(.data)
    small_power_delay                        0x200006aa   Data           2  controltask.o(.data)
    final_count                              0x200006ac   Data           4  controltask.o(.data)
    com_count                                0x200006b0   Data           4  controltask.o(.data)
    sre                                      0x200006b4   Data           5  controltask.o(.data)
    graph_level                              0x200006bc   Data           4  controltask.o(.data)
    graph_color                              0x200006c0   Data           4  controltask.o(.data)
    graph_x                                  0x200006c4   Data           4  controltask.o(.data)
    graph_y                                  0x200006c8   Data           4  controltask.o(.data)
    SET_TEST_MODE                            0x200006cc   Data           4  usbd_core.o(.data)
    USBD_DCD_INT_cb                          0x200006d0   Data          44  usbd_core.o(.data)
    USBD_DCD_INT_fops                        0x200006fc   Data           4  usbd_core.o(.data)
    USBD_ep_status                           0x20000700   Data           4  usbd_req.o(.data)
    USBD_default_cfg                         0x20000704   Data           4  usbd_req.o(.data)
    USBD_cfg_status                          0x20000708   Data           4  usbd_req.o(.data)
    filter_206                               0x20000710   Data          16  bsp.o(.bss)
    filter_205                               0x20000720   Data          16  bsp.o(.bss)
    filter_207                               0x20000730   Data          16  bsp.o(.bss)
    rx_message                               0x20000740   Data          20  can.o(.bss)
    rx_message2                              0x20000754   Data          20  can.o(.bss)
    cap_receive                              0x20000768   Data          10  can.o(.bss)
    RC_Ctl                                   0x20000772   Data          22  rc.o(.bss)
    RC_Ex_Ctl                                0x20000788   Data          22  rc.o(.bss)
    sbus_rx_buffer                           0x2000079e   Data          18  rc.o(.bss)
    adis16470_real_data                      0x200007b0   Data          28  adi_gyro.o(.bss)
    buffer                                   0x200007cc   Data          12  adi_gyro.o(.bss)
    raw_busrt_data                           0x200007d8   Data          20  adi_gyro.o(.bss)
    USART_RX_BUF3                            0x200007ec   Data          22  usart3.o(.bss)
    sendbuffer3                              0x20000802   Data         100  usart3.o(.bss)
    USART_RX_BUF                             0x20000866   Data         200  usart6.o(.bss)
    USART6_dma                               0x2000092e   Data          80  usart6.o(.bss)
    Personal_Data                            0x2000097e   Data         128  usart6.o(.bss)
    mpu6500_raw_data                         0x20000a00   Data          14  mpu6500.o(.bss)
    mpu6500_real_data                        0x20000a10   Data          28  mpu6500.o(.bss)
    Auto_Frame_Large_Raw                     0x20000a2c   Data          15  usart2.o(.bss)
    fram                                     0x20000a3b   Data          15  usart2.o(.bss)
    sendtoCom_frame                          0x20000a4a   Data          15  usart2.o(.bss)
    sendbuffer                               0x20000a59   Data          15  usart2.o(.bss)
    YawPID                                   0x20000a68   Data         176  gimbalcontrol.o(.bss)
    PitchPID                                 0x20000b18   Data         176  gimbalcontrol.o(.bss)
    YawPIDBigBuff                            0x20000bc8   Data         176  gimbalcontrol.o(.bss)
    PitchPIDBigBuff                          0x20000c78   Data         176  gimbalcontrol.o(.bss)
    PitchPID_AIM                             0x20000d28   Data         176  gimbalcontrol.o(.bss)
    USB_ReadBuffer_temp                      0x20000dd8   Data          64  gimbalcontrol.o(.bss)
    SPFOLLOW                                 0x20000e18   Data          88  cmcontrol.o(.bss)
    SPCHIASSISA                              0x20000e70   Data          88  cmcontrol.o(.bss)
    SPCHIASSISB                              0x20000ec8   Data          88  cmcontrol.o(.bss)
    SPCHIASSISC                              0x20000f20   Data          88  cmcontrol.o(.bss)
    SPCHIASSISD                              0x20000f78   Data          88  cmcontrol.o(.bss)
    SPFOLLOW_SPEED                           0x20000fd0   Data          88  cmcontrol.o(.bss)
    ShootPID                                 0x20001028   Data         176  shootcontrol.o(.bss)
    MotorShoot                               0x200010d8   Data          88  shootcontrol.o(.bss)
    ShootTarget                              0x20001130   Data          16  shootcontrol.o(.bss)
    Friction_CH1                             0x20001140   Data         128  shootcontrol.o(.bss)
    Friction_CH2                             0x200011c0   Data         128  shootcontrol.o(.bss)
    frame_ex                                 0x20001240   Data          15  auto_aim.o(.bss)
    track_yaw_mean                           0x20001250   Data          84  auto_aim.o(.bss)
    track_pitch_mean                         0x200012a4   Data          84  auto_aim.o(.bss)
    track_yaw_compare                        0x200012f8   Data          84  auto_aim.o(.bss)
    track_pitch_compare                      0x2000134c   Data          84  auto_aim.o(.bss)
    track_shoot_compare                      0x200013a0   Data          84  auto_aim.o(.bss)
    auto_yaw                                 0x200013f8   Data          88  auto_aim.o(.bss)
    auto_pit                                 0x20001450   Data          88  auto_aim.o(.bss)
    autobigbuff_yaw                          0x200014a8   Data          88  auto_aim.o(.bss)
    autobigbuff_pit                          0x20001500   Data          88  auto_aim.o(.bss)
    ext_game_robot_survivors                 0x20001558   Data          28  refereeinfo.o(.bss)
    ext_game_robot_state                     0x20001574   Data          15  refereeinfo.o(.bss)
    ext_power_heat_data                      0x20001583   Data          14  refereeinfo.o(.bss)
    ext_game_robot_pos                       0x20001591   Data          16  refereeinfo.o(.bss)
    client_custom_data                       0x200015a1   Data          13  refereeinfo.o(.bss)
    referee_message                          0x200015ae   Data          64  refereeinfo.o(.bss)
    data_temp                                0x200015f0   Data          12  refereeinfo.o(.bss)
    USB_OTG_dev                              0x20001660   Data        2704  usb.o(.bss)
    USB_ReadBuffer                           0x200020f0   Data          64  usb.o(.bss)
    USB_Callback_Pool                        0x20002130   Data          48  usb.o(.bss)
    __libspace_start                         0x20002160   Data          96  libspace.o(.bss)
    __temporary_stack_top$libspace           0x200021c0   Data           0  libspace.o(.bss)



==============================================================================

Memory Map of the image

  Image Entry point : 0x08000189

  Load Region LR_IROM1 (Base: 0x08000000, Size: 0x0000fc10, Max: 0x00100000, ABSOLUTE, COMPRESSED[0x0000f6a4])

    Execution Region ER_IROM1 (Exec base: 0x08000000, Load base: 0x08000000, Size: 0x0000f500, Max: 0x00100000, ABSOLUTE)

    Exec Addr    Load Addr    Size         Type   Attr      Idx    E Section Name        Object

    0x08000000   0x08000000   0x00000188   Data   RO         2604    RESET               startup_stm32f40_41xxx.o
    0x08000188   0x08000188   0x00000008   Code   RO         5892  * !!!main             c_w.l(__main.o)
    0x08000190   0x08000190   0x00000034   Code   RO         6421    !!!scatter          c_w.l(__scatter.o)
    0x080001c4   0x080001c4   0x0000005a   Code   RO         6419    !!dczerorl2         c_w.l(__dczerorl2.o)
    0x0800021e   0x0800021e   0x00000002   PAD
    0x08000220   0x08000220   0x0000001c   Code   RO         6423    !!handler_zi        c_w.l(__scatter_zi.o)
    0x0800023c   0x0800023c   0x00000002   Code   RO         6216    .ARM.Collect$$libinit$$00000000  c_w.l(libinit.o)
    0x0800023e   0x0800023e   0x00000004   Code   RO         6217    .ARM.Collect$$libinit$$00000001  c_w.l(libinit2.o)
    0x08000242   0x08000242   0x00000000   Code   RO         6220    .ARM.Collect$$libinit$$00000004  c_w.l(libinit2.o)
    0x08000242   0x08000242   0x00000000   Code   RO         6223    .ARM.Collect$$libinit$$0000000A  c_w.l(libinit2.o)
    0x08000242   0x08000242   0x00000000   Code   RO         6225    .ARM.Collect$$libinit$$0000000C  c_w.l(libinit2.o)
    0x08000242   0x08000242   0x00000000   Code   RO         6227    .ARM.Collect$$libinit$$0000000E  c_w.l(libinit2.o)
    0x08000242   0x08000242   0x00000000   Code   RO         6230    .ARM.Collect$$libinit$$00000011  c_w.l(libinit2.o)
    0x08000242   0x08000242   0x00000000   Code   RO         6232    .ARM.Collect$$libinit$$00000013  c_w.l(libinit2.o)
    0x08000242   0x08000242   0x00000000   Code   RO         6234    .ARM.Collect$$libinit$$00000015  c_w.l(libinit2.o)
    0x08000242   0x08000242   0x00000000   Code   RO         6236    .ARM.Collect$$libinit$$00000017  c_w.l(libinit2.o)
    0x08000242   0x08000242   0x00000000   Code   RO         6238    .ARM.Collect$$libinit$$00000019  c_w.l(libinit2.o)
    0x08000242   0x08000242   0x00000000   Code   RO         6240    .ARM.Collect$$libinit$$0000001B  c_w.l(libinit2.o)
    0x08000242   0x08000242   0x00000000   Code   RO         6242    .ARM.Collect$$libinit$$0000001D  c_w.l(libinit2.o)
    0x08000242   0x08000242   0x00000000   Code   RO         6244    .ARM.Collect$$libinit$$0000001F  c_w.l(libinit2.o)
    0x08000242   0x08000242   0x00000000   Code   RO         6246    .ARM.Collect$$libinit$$00000021  c_w.l(libinit2.o)
    0x08000242   0x08000242   0x00000000   Code   RO         6248    .ARM.Collect$$libinit$$00000023  c_w.l(libinit2.o)
    0x08000242   0x08000242   0x00000000   Code   RO         6250    .ARM.Collect$$libinit$$00000025  c_w.l(libinit2.o)
    0x08000242   0x08000242   0x00000000   Code   RO         6254    .ARM.Collect$$libinit$$0000002C  c_w.l(libinit2.o)
    0x08000242   0x08000242   0x00000000   Code   RO         6256    .ARM.Collect$$libinit$$0000002E  c_w.l(libinit2.o)
    0x08000242   0x08000242   0x00000000   Code   RO         6258    .ARM.Collect$$libinit$$00000030  c_w.l(libinit2.o)
    0x08000242   0x08000242   0x00000000   Code   RO         6260    .ARM.Collect$$libinit$$00000032  c_w.l(libinit2.o)
    0x08000242   0x08000242   0x00000002   Code   RO         6261    .ARM.Collect$$libinit$$00000033  c_w.l(libinit2.o)
    0x08000244   0x08000244   0x00000002   Code   RO         6400    .ARM.Collect$$libshutdown$$00000000  c_w.l(libshutdown.o)
    0x08000246   0x08000246   0x00000000   Code   RO         6263    .ARM.Collect$$libshutdown$$00000002  c_w.l(libshutdown2.o)
    0x08000246   0x08000246   0x00000000   Code   RO         6265    .ARM.Collect$$libshutdown$$00000004  c_w.l(libshutdown2.o)
    0x08000246   0x08000246   0x00000000   Code   RO         6268    .ARM.Collect$$libshutdown$$00000007  c_w.l(libshutdown2.o)
    0x08000246   0x08000246   0x00000000   Code   RO         6271    .ARM.Collect$$libshutdown$$0000000A  c_w.l(libshutdown2.o)
    0x08000246   0x08000246   0x00000000   Code   RO         6273    .ARM.Collect$$libshutdown$$0000000C  c_w.l(libshutdown2.o)
    0x08000246   0x08000246   0x00000000   Code   RO         6276    .ARM.Collect$$libshutdown$$0000000F  c_w.l(libshutdown2.o)
    0x08000246   0x08000246   0x00000002   Code   RO         6277    .ARM.Collect$$libshutdown$$00000010  c_w.l(libshutdown2.o)
    0x08000248   0x08000248   0x00000000   Code   RO         6000    .ARM.Collect$$rtentry$$00000000  c_w.l(__rtentry.o)
    0x08000248   0x08000248   0x00000000   Code   RO         6081    .ARM.Collect$$rtentry$$00000002  c_w.l(__rtentry2.o)
    0x08000248   0x08000248   0x00000006   Code   RO         6093    .ARM.Collect$$rtentry$$00000004  c_w.l(__rtentry4.o)
    0x0800024e   0x0800024e   0x00000000   Code   RO         6083    .ARM.Collect$$rtentry$$00000009  c_w.l(__rtentry2.o)
    0x0800024e   0x0800024e   0x00000004   Code   RO         6084    .ARM.Collect$$rtentry$$0000000A  c_w.l(__rtentry2.o)
    0x08000252   0x08000252   0x00000000   Code   RO         6086    .ARM.Collect$$rtentry$$0000000C  c_w.l(__rtentry2.o)
    0x08000252   0x08000252   0x00000008   Code   RO         6087    .ARM.Collect$$rtentry$$0000000D  c_w.l(__rtentry2.o)
    0x0800025a   0x0800025a   0x00000002   Code   RO         6283    .ARM.Collect$$rtexit$$00000000  c_w.l(rtexit.o)
    0x0800025c   0x0800025c   0x00000000   Code   RO         6341    .ARM.Collect$$rtexit$$00000002  c_w.l(rtexit2.o)
    0x0800025c   0x0800025c   0x00000004   Code   RO         6342    .ARM.Collect$$rtexit$$00000003  c_w.l(rtexit2.o)
    0x08000260   0x08000260   0x00000006   Code   RO         6343    .ARM.Collect$$rtexit$$00000004  c_w.l(rtexit2.o)
    0x08000266   0x08000266   0x00000002   PAD
    0x08000268   0x08000268   0x00000040   Code   RO         2605    .text               startup_stm32f40_41xxx.o
    0x080002a8   0x080002a8   0x00000048   Code   RO         5852    .text               c_w.l(llsdiv.o)
    0x080002f0   0x080002f0   0x0000003e   Code   RO         5884    .text               c_w.l(strlen.o)
    0x0800032e   0x0800032e   0x0000008a   Code   RO         5886    .text               c_w.l(rt_memcpy_v6.o)
    0x080003b8   0x080003b8   0x0000004e   Code   RO         5888    .text               c_w.l(rt_memclr_w.o)
    0x08000406   0x08000406   0x00000006   Code   RO         5890    .text               c_w.l(heapauxi.o)
    0x0800040c   0x0800040c   0x000000ee   Code   RO         6001    .text               c_w.l(lludivv7m.o)
    0x080004fa   0x080004fa   0x00000016   Code   RO         6003    .text               c_w.l(_rserrno.o)
    0x08000510   0x08000510   0x00000064   Code   RO         6016    .text               c_w.l(rt_memcpy_w.o)
    0x08000574   0x08000574   0x00000008   Code   RO         6102    .text               c_w.l(rt_errno_addr_intlibspace.o)
    0x0800057c   0x0800057c   0x00000008   Code   RO         6125    .text               c_w.l(libspace.o)
    0x08000584   0x08000584   0x0000004a   Code   RO         6130    .text               c_w.l(sys_stackheap_outer.o)
    0x080005ce   0x080005ce   0x00000012   Code   RO         6205    .text               c_w.l(exit.o)
    0x080005e0   0x080005e0   0x00000002   Code   RO         6280    .text               c_w.l(use_no_semi.o)
    0x080005e2   0x080005e2   0x00000000   Code   RO         6282    .text               c_w.l(indicate_semi.o)
    0x080005e2   0x080005e2   0x00000002   PAD
    0x080005e4   0x080005e4   0x0000000c   Code   RO         6338    .text               c_w.l(sys_exit.o)
    0x080005f0   0x080005f0   0x00000040   Code   RO         3044    i.ADIS16470_BurstRead  adi_gyro.o
    0x08000630   0x08000630   0x00000034   Code   RO         3045    i.ADIS16470_DeviceIDCheck  adi_gyro.o
    0x08000664   0x08000664   0x00000018   Code   RO         3046    i.ADIS16470_GetState  adi_gyro.o
    0x0800067c   0x0800067c   0x00000104   Code   RO         3047    i.ADIS16470_Init    adi_gyro.o
    0x08000780   0x08000780   0x00000050   Code   RO         3048    i.ADIS16470_ReadByte  adi_gyro.o
    0x080007d0   0x080007d0   0x00000038   Code   RO         3049    i.ADIS16470_Reset   adi_gyro.o
    0x08000808   0x08000808   0x0000007c   Code   RO         3050    i.ADIS16470_WriteByte  adi_gyro.o
    0x08000884   0x08000884   0x00000030   Code   RO         4111    i.Append_CRC16_Check_Sum  refereeinfo.o
    0x080008b4   0x080008b4   0x00000024   Code   RO         4112    i.Append_CRC8_Check_Sum  refereeinfo.o
    0x080008d8   0x080008d8   0x00000044   Code   RO         3385    i.Auto_Frame_Large_Unpack  usart2.o
    0x0800091c   0x0800091c   0x000006cc   Code   RO         4061    i.Auto_aim          auto_aim.o
    0x08000fe8   0x08000fe8   0x000000d0   Code   RO         2612    i.BSP_Init          bsp.o
    0x080010b8   0x080010b8   0x00000044   Code   RO         3886    i.BurstMove         shootcontrol.o
    0x080010fc   0x080010fc   0x00000004   Code   RO          308    i.BusFault_Handler  stm32f4xx_it.o
    0x08001100   0x08001100   0x000000b0   Code   RO         2642    i.Buzzer_Init       buzzer.o
    0x080011b0   0x080011b0   0x00000058   Code   RO         2672    i.CAN1_Cmd_All      can.o
    0x08001208   0x08001208   0x00000110   Code   RO         2675    i.CAN1_Mode_Init    can.o
    0x08001318   0x08001318   0x000001d0   Code   RO         2676    i.CAN1_RX0_IRQHandler  can.o
    0x080014e8   0x080014e8   0x00000064   Code   RO         2677    i.CAN1_Send_Bottom  can.o
    0x0800154c   0x0800154c   0x00000054   Code   RO         2679    i.CAN2_Cmd_SHOOT    can.o
    0x080015a0   0x080015a0   0x0000010c   Code   RO         2680    i.CAN2_Mode_Init    can.o
    0x080016ac   0x080016ac   0x000001bc   Code   RO         2681    i.CAN2_RX0_IRQHandler  can.o
    0x08001868   0x08001868   0x00000050   Code   RO         2682    i.CAN2_Send_Clear   can.o
    0x080018b8   0x080018b8   0x000000a8   Code   RO          702    i.CAN_ClearITPendingBit  stm32f4xx_can.o
    0x08001960   0x08001960   0x00000108   Code   RO          706    i.CAN_FilterInit    stm32f4xx_can.o
    0x08001a68   0x08001a68   0x00000120   Code   RO          708    i.CAN_GetITStatus   stm32f4xx_can.o
    0x08001b88   0x08001b88   0x00000012   Code   RO          712    i.CAN_ITConfig      stm32f4xx_can.o
    0x08001b9a   0x08001b9a   0x00000114   Code   RO          713    i.CAN_Init          stm32f4xx_can.o
    0x08001cae   0x08001cae   0x000000f0   Code   RO          716    i.CAN_Receive       stm32f4xx_can.o
    0x08001d9e   0x08001d9e   0x00000126   Code   RO          721    i.CAN_Transmit      stm32f4xx_can.o
    0x08001ec4   0x08001ec4   0x000000d4   Code   RO         3740    i.CMControlInit     cmcontrol.o
    0x08001f98   0x08001f98   0x000008b6   Code   RO         3741    i.CMControlLoop     cmcontrol.o
    0x0800284e   0x0800284e   0x00000002   PAD
    0x08002850   0x08002850   0x000006bc   Code   RO         3742    i.CMControlOut      cmcontrol.o
    0x08002f0c   0x08002f0c   0x0000002e   Code   RO         3743    i.CMSpeedLegalize   cmcontrol.o
    0x08002f3a   0x08002f3a   0x00000010   Code   RO         3744    i.CMStop            cmcontrol.o
    0x08002f4a   0x08002f4a   0x00000002   PAD
    0x08002f4c   0x08002f4c   0x000000a4   Code   RO         3745    i.CM_Climb_PID      cmcontrol.o
    0x08002ff0   0x08002ff0   0x000000a4   Code   RO         3746    i.CM_Normal_PID     cmcontrol.o
    0x08003094   0x08003094   0x0000009c   Code   RO         3747    i.CM_Switch_Moni    cmcontrol.o
    0x08003130   0x08003130   0x00000012   Code   RO          724    i.CheckITStatus     stm32f4xx_can.o
    0x08003142   0x08003142   0x00000002   PAD
    0x08003144   0x08003144   0x0000003c   Code   RO         4113    i.Clear_SOS         refereeinfo.o
    0x08003180   0x08003180   0x0000017c   Code   RO         4424    i.Control_Task      controltask.o
    0x080032fc   0x080032fc   0x0000002c   Code   RO         3887    i.Cover_Moni        shootcontrol.o
    0x08003328   0x08003328   0x00000048   Code   RO         5369    i.DCD_EP_ClrStall   SP19_USB.lib(usb_dcd.o)
    0x08003370   0x08003370   0x00000068   Code   RO         5371    i.DCD_EP_Open       SP19_USB.lib(usb_dcd.o)
    0x080033d8   0x080033d8   0x00000052   Code   RO         5372    i.DCD_EP_PrepareRx  SP19_USB.lib(usb_dcd.o)
    0x0800342a   0x0800342a   0x0000001c   Code   RO         5373    i.DCD_EP_SetAddress  SP19_USB.lib(usb_dcd.o)
    0x08003446   0x08003446   0x00000048   Code   RO         5374    i.DCD_EP_Stall      SP19_USB.lib(usb_dcd.o)
    0x0800348e   0x0800348e   0x0000004e   Code   RO         5375    i.DCD_EP_Tx         SP19_USB.lib(usb_dcd.o)
    0x080034dc   0x080034dc   0x00000066   Code   RO         5465    i.DCD_HandleEnumDone_ISR  SP19_USB.lib(usb_dcd_int.o)
    0x08003542   0x08003542   0x00000002   PAD
    0x08003544   0x08003544   0x00000144   Code   RO         5466    i.DCD_HandleInEP_ISR  SP19_USB.lib(usb_dcd_int.o)
    0x08003688   0x08003688   0x00000100   Code   RO         5467    i.DCD_HandleOutEP_ISR  SP19_USB.lib(usb_dcd_int.o)
    0x08003788   0x08003788   0x00000068   Code   RO         5468    i.DCD_HandleResume_ISR  SP19_USB.lib(usb_dcd_int.o)
    0x080037f0   0x080037f0   0x000000b0   Code   RO         5469    i.DCD_HandleRxStatusQueueLevel_ISR  SP19_USB.lib(usb_dcd_int.o)
    0x080038a0   0x080038a0   0x0000002c   Code   RO         5470    i.DCD_HandleSof_ISR  SP19_USB.lib(usb_dcd_int.o)
    0x080038cc   0x080038cc   0x000000a8   Code   RO         5471    i.DCD_HandleUSBSuspend_ISR  SP19_USB.lib(usb_dcd_int.o)
    0x08003974   0x08003974   0x00000104   Code   RO         5472    i.DCD_HandleUsbReset_ISR  SP19_USB.lib(usb_dcd_int.o)
    0x08003a78   0x08003a78   0x0000002c   Code   RO         5473    i.DCD_IsoINIncomplete_ISR  SP19_USB.lib(usb_dcd_int.o)
    0x08003aa4   0x08003aa4   0x0000002c   Code   RO         5474    i.DCD_IsoOUTIncomplete_ISR  SP19_USB.lib(usb_dcd_int.o)
    0x08003ad0   0x08003ad0   0x00000028   Code   RO         5475    i.DCD_ReadDevInEP   SP19_USB.lib(usb_dcd_int.o)
    0x08003af8   0x08003af8   0x00000090   Code   RO         5476    i.DCD_WriteEmptyTxFifo  SP19_USB.lib(usb_dcd_int.o)
    0x08003b88   0x08003b88   0x00000030   Code   RO         2912    i.DMA1_Stream0_IRQHandler  timer.o
    0x08003bb8   0x08003bb8   0x00000028   Code   RO         3132    i.DMA1_Stream1_IRQHandler  usart3.o
    0x08003be0   0x08003be0   0x00000030   Code   RO         2913    i.DMA1_Stream3_IRQHandler  timer.o
    0x08003c10   0x08003c10   0x00000020   Code   RO         3133    i.DMA1_Stream4_IRQHandler  usart3.o
    0x08003c30   0x08003c30   0x00000020   Code   RO         3386    i.DMA1_Stream6_IRQHandler  usart2.o
    0x08003c50   0x08003c50   0x00000028   Code   RO         3193    i.DMA2_Stream1_IRQHandler  usart6.o
    0x08003c78   0x08003c78   0x00000028   Code   RO         3194    i.DMA2_Stream6_IRQHandler  usart6.o
    0x08003ca0   0x08003ca0   0x00000034   Code   RO          915    i.DMA_ClearFlag     stm32f4xx_dma.o
    0x08003cd4   0x08003cd4   0x00000034   Code   RO          916    i.DMA_ClearITPendingBit  stm32f4xx_dma.o
    0x08003d08   0x08003d08   0x00000016   Code   RO          917    i.DMA_Cmd           stm32f4xx_dma.o
    0x08003d1e   0x08003d1e   0x00000002   PAD
    0x08003d20   0x08003d20   0x00000158   Code   RO          918    i.DMA_DeInit        stm32f4xx_dma.o
    0x08003e78   0x08003e78   0x00000014   Code   RO          922    i.DMA_GetCmdStatus  stm32f4xx_dma.o
    0x08003e8c   0x08003e8c   0x00000008   Code   RO          923    i.DMA_GetCurrDataCounter  stm32f4xx_dma.o
    0x08003e94   0x08003e94   0x00000044   Code   RO          926    i.DMA_GetFlagStatus  stm32f4xx_dma.o
    0x08003ed8   0x08003ed8   0x00000064   Code   RO          927    i.DMA_GetITStatus   stm32f4xx_dma.o
    0x08003f3c   0x08003f3c   0x0000003a   Code   RO          928    i.DMA_ITConfig      stm32f4xx_dma.o
    0x08003f76   0x08003f76   0x00000002   PAD
    0x08003f78   0x08003f78   0x00000058   Code   RO          929    i.DMA_Init          stm32f4xx_dma.o
    0x08003fd0   0x08003fd0   0x00000004   Code   RO          932    i.DMA_SetCurrDataCounter  stm32f4xx_dma.o
    0x08003fd4   0x08003fd4   0x00000002   Code   RO          309    i.DebugMon_Handler  stm32f4xx_it.o
    0x08003fd6   0x08003fd6   0x00000016   Code   RO         3051    i.EXTI0_IRQHandler  adi_gyro.o
    0x08003fec   0x08003fec   0x0000000c   Code   RO         1048    i.EXTI_ClearITPendingBit  stm32f4xx_exti.o
    0x08003ff8   0x08003ff8   0x00000018   Code   RO         1052    i.EXTI_GetITStatus  stm32f4xx_exti.o
    0x08004010   0x08004010   0x00000094   Code   RO         1053    i.EXTI_Init         stm32f4xx_exti.o
    0x080040a4   0x080040a4   0x00000024   Code   RO         3891    i.Friction_Looper   shootcontrol.o
    0x080040c8   0x080040c8   0x00000244   Code   RO         3892    i.Friction_Moni     shootcontrol.o
    0x0800430c   0x0800430c   0x0000013c   Code   RO         3893    i.Friction_flag_moni  shootcontrol.o
    0x08004448   0x08004448   0x00000048   Code   RO         3894    i.Fricton_restart   shootcontrol.o
    0x08004490   0x08004490   0x0000003c   Code   RO         3052    i.GPIOF_Pin1_Init   adi_gyro.o
    0x080044cc   0x080044cc   0x00000090   Code   RO         1114    i.GPIO_Init         stm32f4xx_gpio.o
    0x0800455c   0x0800455c   0x00000046   Code   RO         1115    i.GPIO_PinAFConfig  stm32f4xx_gpio.o
    0x080045a2   0x080045a2   0x00000004   Code   RO         1121    i.GPIO_ResetBits    stm32f4xx_gpio.o
    0x080045a6   0x080045a6   0x00000004   Code   RO         1122    i.GPIO_SetBits      stm32f4xx_gpio.o
    0x080045aa   0x080045aa   0x00000002   PAD
    0x080045ac   0x080045ac   0x00000034   Code   RO         4114    i.Get_CRC16_Check_Sum  refereeinfo.o
    0x080045e0   0x080045e0   0x00000024   Code   RO         4115    i.Get_CRC8_Check_Sum  refereeinfo.o
    0x08004604   0x08004604   0x00000280   Code   RO         3595    i.GimbalControlInit  gimbalcontrol.o
    0x08004884   0x08004884   0x0000037c   Code   RO         3596    i.GimbalControlLoop  gimbalcontrol.o
    0x08004c00   0x08004c00   0x00000024   Code   RO         3597    i.GimbalStop        gimbalcontrol.o
    0x08004c24   0x08004c24   0x00000050   Code   RO         3543    i.GimbalSwitchJudge  remotecontrol.o
    0x08004c74   0x08004c74   0x00000020   Code   RO         3598    i.GimbalValLigal    gimbalcontrol.o
    0x08004c94   0x08004c94   0x00000004   Code   RO          310    i.HardFault_Handler  stm32f4xx_it.o
    0x08004c98   0x08004c98   0x000000ec   Code   RO         2856    i.ItoE              rc.o
    0x08004d84   0x08004d84   0x0000001c   Code   RO         4462    i.LPF_FirstOrder_Init  sp_math.o
    0x08004da0   0x08004da0   0x0000005c   Code   RO         4463    i.LPF_FirstOrder_filter  sp_math.o
    0x08004dfc   0x08004dfc   0x00000040   Code   RO         3361    i.Laser_Configuration  laser.o
    0x08004e3c   0x08004e3c   0x0000005c   Code   RO         2820    i.Led_Configuration  led.o
    0x08004e98   0x08004e98   0x0000003c   Code   RO         3274    i.MPU6500ReadSPI    mpu6500.o
    0x08004ed4   0x08004ed4   0x00000030   Code   RO         3275    i.MPU6500ReadSPISingle  mpu6500.o
    0x08004f04   0x08004f04   0x00000030   Code   RO         3276    i.MPU6500WriteSPI   mpu6500.o
    0x08004f34   0x08004f34   0x0000009c   Code   RO         3277    i.MPU6500_Init      mpu6500.o
    0x08004fd0   0x08004fd0   0x000001ac   Code   RO         3278    i.MPU6500_Read      mpu6500.o
    0x0800517c   0x0800517c   0x00000004   Code   RO          311    i.MemManage_Handler  stm32f4xx_it.o
    0x08005180   0x08005180   0x0000003c   Code   RO         2821    i.MiniPC_Configuration  led.o
    0x080051bc   0x080051bc   0x0000002e   Code   RO         3599    i.MotorCurrentLegalize  gimbalcontrol.o
    0x080051ea   0x080051ea   0x00000002   PAD
    0x080051ec   0x080051ec   0x000000ec   Code   RO         4587    i.MovingAverageFilter_f32  sp_filter.o
    0x080052d8   0x080052d8   0x00000002   Code   RO          312    i.NMI_Handler       stm32f4xx_it.o
    0x080052da   0x080052da   0x00000022   Code   RO         2987    i.NVIC_IRQEnable    timer.o
    0x080052fc   0x080052fc   0x00000078   Code   RO          406    i.NVIC_Init         misc.o
    0x08005374   0x08005374   0x00000014   Code   RO          407    i.NVIC_PriorityGroupConfig  misc.o
    0x08005388   0x08005388   0x00000010   Code   RO         4687    i.OTG_FS_IRQHandler  usb_bsp.o
    0x08005398   0x08005398   0x00000028   Code   RO         4688    i.OTG_FS_WKUP_IRQHandler  usb_bsp.o
    0x080053c0   0x080053c0   0x000003f4   Code   RO         4515    i.PID_ControllerDriver  sp_pid.o
    0x080057b4   0x080057b4   0x0000008c   Code   RO         4518    i.PID_ControllerInit  sp_pid.o
    0x08005840   0x08005840   0x0000000e   Code   RO         4519    i.PID_SetGains      sp_pid.o
    0x0800584e   0x0800584e   0x00000014   Code   RO         4520    i.PID_SetTarget     sp_pid.o
    0x08005862   0x08005862   0x00000002   PAD
    0x08005864   0x08005864   0x000000b8   Code   RO         3896    i.PidShootInit      shootcontrol.o
    0x0800591c   0x0800591c   0x00000118   Code   RO         3600    i.PitchPID_AutoAimAngle  gimbalcontrol.o
    0x08005a34   0x08005a34   0x00000118   Code   RO         3601    i.PitchPID_BigBuff  gimbalcontrol.o
    0x08005b4c   0x08005b4c   0x000000cc   Code   RO         3602    i.PitchPID_MechanicalAngle  gimbalcontrol.o
    0x08005c18   0x08005c18   0x000000c8   Code   RO         3603    i.PitchPID_MechanicalAngle_Relative  gimbalcontrol.o
    0x08005ce0   0x08005ce0   0x0000004c   Code   RO         2822    i.Power_Configuration  led.o
    0x08005d2c   0x08005d2c   0x00000060   Code   RO         3460    i.Power_Moni        monitorcontrol.o
    0x08005d8c   0x08005d8c   0x00000020   Code   RO         1215    i.RCC_AHB1PeriphClockCmd  stm32f4xx_rcc.o
    0x08005dac   0x08005dac   0x00000020   Code   RO         1224    i.RCC_APB1PeriphClockCmd  stm32f4xx_rcc.o
    0x08005dcc   0x08005dcc   0x00000020   Code   RO         1226    i.RCC_APB1PeriphResetCmd  stm32f4xx_rcc.o
    0x08005dec   0x08005dec   0x00000020   Code   RO         1227    i.RCC_APB2PeriphClockCmd  stm32f4xx_rcc.o
    0x08005e0c   0x08005e0c   0x00000020   Code   RO         1229    i.RCC_APB2PeriphResetCmd  stm32f4xx_rcc.o
    0x08005e2c   0x08005e2c   0x000000e8   Code   RO         1236    i.RCC_GetClocksFreq  stm32f4xx_rcc.o
    0x08005f14   0x08005f14   0x00000148   Code   RO         2857    i.RC_Init           rc.o
    0x0800605c   0x0800605c   0x00000104   Code   RO         2858    i.RC_Update         rc.o
    0x08006160   0x08006160   0x00000054   Code   RO         3461    i.RcReceiveMonitor  monitorcontrol.o
    0x080061b4   0x080061b4   0x0000003c   Code   RO         3195    i.RefereeSend       usart6.o
    0x080061f0   0x080061f0   0x00000014   Code   RO         3544    i.RemoteControlInit  remotecontrol.o
    0x08006204   0x08006204   0x00000010   Code   RO         3545    i.RemoteControlLoop  remotecontrol.o
    0x08006214   0x08006214   0x0000020c   Code   RO         3546    i.RemoteStateFSM    remotecontrol.o
    0x08006420   0x08006420   0x00000060   Code   RO         3462    i.Rescue_Moni       monitorcontrol.o
    0x08006480   0x08006480   0x00000024   Code   RO         3463    i.Reset_monitor     monitorcontrol.o
    0x080064a4   0x080064a4   0x000000d8   Code   RO         3002    i.SPI4Init          spi.o
    0x0800657c   0x0800657c   0x00000040   Code   RO         3003    i.SPI4ReadWriteByte  spi.o
    0x080065bc   0x080065bc   0x000000ec   Code   RO         3004    i.SPI5Init          spi.o
    0x080066a8   0x080066a8   0x00000050   Code   RO         3005    i.SPI5ReadWriteByte  spi.o
    0x080066f8   0x080066f8   0x00000018   Code   RO         1625    i.SPI_Cmd           stm32f4xx_spi.o
    0x08006710   0x08006710   0x0000003c   Code   RO         1638    i.SPI_Init          stm32f4xx_spi.o
    0x0800674c   0x0800674c   0x00000040   Code   RO         1790    i.SYSCFG_EXTILineConfig  stm32f4xx_syscfg.o
    0x0800678c   0x0800678c   0x000000fc   Code   RO         4116    i.Send_Middle_rectangle  refereeinfo.o
    0x08006888   0x08006888   0x0000008c   Code   RO         4117    i.Send_SOS          refereeinfo.o
    0x08006914   0x08006914   0x00000120   Code   RO          365    i.SetSysClock       system_stm32f4xx.o
    0x08006a34   0x08006a34   0x00000012   Code   RO         3897    i.ShootControlInit  shootcontrol.o
    0x08006a46   0x08006a46   0x00000002   PAD
    0x08006a48   0x08006a48   0x000000c4   Code   RO         3898    i.ShootControlLoop  shootcontrol.o
    0x08006b0c   0x08006b0c   0x000000c4   Code   RO         3899    i.ShootMove         shootcontrol.o
    0x08006bd0   0x08006bd0   0x0000004c   Code   RO         3900    i.ShootStop         shootcontrol.o
    0x08006c1c   0x08006c1c   0x0000023c   Code   RO         3901    i.Shoot_Para_Moni   shootcontrol.o
    0x08006e58   0x08006e58   0x0000060c   Code   RO         3902    i.Shoot_target_Cal  shootcontrol.o
    0x08007464   0x08007464   0x000001f0   Code   RO         3903    i.Shooter_Moni      shootcontrol.o
    0x08007654   0x08007654   0x00000098   Code   RO         3904    i.StuckMoni         shootcontrol.o
    0x080076ec   0x080076ec   0x000000a4   Code   RO         3905    i.StuckMoni_Speed   shootcontrol.o
    0x08007790   0x08007790   0x00000028   Code   RO          410    i.SysTick_CLKSourceConfig  misc.o
    0x080077b8   0x080077b8   0x00000068   Code   RO          367    i.SystemInit        system_stm32f4xx.o
    0x08007820   0x08007820   0x0000003a   Code   RO         1847    i.TI1_Config        stm32f4xx_tim.o
    0x0800785a   0x0800785a   0x00000050   Code   RO         1848    i.TI2_Config        stm32f4xx_tim.o
    0x080078aa   0x080078aa   0x00000048   Code   RO         1849    i.TI3_Config        stm32f4xx_tim.o
    0x080078f2   0x080078f2   0x00000050   Code   RO         1850    i.TI4_Config        stm32f4xx_tim.o
    0x08007942   0x08007942   0x00000002   PAD
    0x08007944   0x08007944   0x000000a0   Code   RO         2914    i.TIM2_IRQHandler   timer.o
    0x080079e4   0x080079e4   0x0000005a   Code   RO         2915    i.TIM2_Init         timer.o
    0x08007a3e   0x08007a3e   0x00000002   PAD
    0x08007a40   0x08007a40   0x000000a0   Code   RO         2916    i.TIM4_IRQHandler   timer.o
    0x08007ae0   0x08007ae0   0x0000019c   Code   RO         2917    i.TIM4_Init         timer.o
    0x08007c7c   0x08007c7c   0x000000ac   Code   RO         2918    i.TIM5_Init         timer.o
    0x08007d28   0x08007d28   0x00000058   Code   RO         2919    i.TIM6_DAC_IRQHandler  timer.o
    0x08007d80   0x08007d80   0x0000005c   Code   RO         2920    i.TIM6_Init         timer.o
    0x08007ddc   0x08007ddc   0x000000ac   Code   RO         2921    i.TIM9_Init         timer.o
    0x08007e88   0x08007e88   0x00000018   Code   RO         1851    i.TIM_ARRPreloadConfig  stm32f4xx_tim.o
    0x08007ea0   0x08007ea0   0x00000006   Code   RO         1858    i.TIM_ClearITPendingBit  stm32f4xx_tim.o
    0x08007ea6   0x08007ea6   0x00000018   Code   RO         1863    i.TIM_Cmd           stm32f4xx_tim.o
    0x08007ebe   0x08007ebe   0x00000012   Code   RO         1866    i.TIM_DMACmd        stm32f4xx_tim.o
    0x08007ed0   0x08007ed0   0x00000190   Code   RO         1868    i.TIM_DeInit        stm32f4xx_tim.o
    0x08008060   0x08008060   0x00000022   Code   RO         1884    i.TIM_GetITStatus   stm32f4xx_tim.o
    0x08008082   0x08008082   0x0000006e   Code   RO         1886    i.TIM_ICInit        stm32f4xx_tim.o
    0x080080f0   0x080080f0   0x00000012   Code   RO         1888    i.TIM_ITConfig      stm32f4xx_tim.o
    0x08008102   0x08008102   0x00000002   PAD
    0x08008104   0x08008104   0x0000007c   Code   RO         1892    i.TIM_OC1Init       stm32f4xx_tim.o
    0x08008180   0x08008180   0x00000012   Code   RO         1895    i.TIM_OC1PreloadConfig  stm32f4xx_tim.o
    0x08008192   0x08008192   0x00000002   PAD
    0x08008194   0x08008194   0x00000078   Code   RO         1907    i.TIM_OC4Init       stm32f4xx_tim.o
    0x0800820c   0x0800820c   0x0000001a   Code   RO         1909    i.TIM_OC4PreloadConfig  stm32f4xx_tim.o
    0x08008226   0x08008226   0x00000014   Code   RO         1910    i.TIM_OCStructInit  stm32f4xx_tim.o
    0x0800823a   0x0800823a   0x00000004   Code   RO         1925    i.TIM_SetCompare1   stm32f4xx_tim.o
    0x0800823e   0x0800823e   0x00000004   Code   RO         1928    i.TIM_SetCompare4   stm32f4xx_tim.o
    0x08008242   0x08008242   0x00000004   Code   RO         1929    i.TIM_SetCounter    stm32f4xx_tim.o
    0x08008246   0x08008246   0x00000012   Code   RO         1930    i.TIM_SetIC1Prescaler  stm32f4xx_tim.o
    0x08008258   0x08008258   0x0000001a   Code   RO         1931    i.TIM_SetIC2Prescaler  stm32f4xx_tim.o
    0x08008272   0x08008272   0x00000012   Code   RO         1932    i.TIM_SetIC3Prescaler  stm32f4xx_tim.o
    0x08008284   0x08008284   0x0000001a   Code   RO         1933    i.TIM_SetIC4Prescaler  stm32f4xx_tim.o
    0x0800829e   0x0800829e   0x00000002   PAD
    0x080082a0   0x080082a0   0x00000084   Code   RO         1935    i.TIM_TimeBaseInit  stm32f4xx_tim.o
    0x08008324   0x08008324   0x000004d4   Code   RO         3604    i.TargetCacul       gimbalcontrol.o
    0x080087f8   0x080087f8   0x00000078   Code   RO         3906    i.TargetRenew       shootcontrol.o
    0x08008870   0x08008870   0x000000a0   Code   RO         3605    i.TurnToBigBuffPID  gimbalcontrol.o
    0x08008910   0x08008910   0x000000a0   Code   RO         3606    i.TurnToNormalPID   gimbalcontrol.o
    0x080089b0   0x080089b0   0x000000a0   Code   RO         3607    i.TurnToPreparePID  gimbalcontrol.o
    0x08008a50   0x08008a50   0x00000054   Code   RO         3609    i.TurnToYawMechPID  gimbalcontrol.o
    0x08008aa4   0x08008aa4   0x00000054   Code   RO         2860    i.USART1_IRQHandler  rc.o
    0x08008af8   0x08008af8   0x000001b8   Code   RO         3387    i.USART2_DMA_Init   usart2.o
    0x08008cb0   0x08008cb0   0x00000054   Code   RO         3388    i.USART2_IRQHandler  usart2.o
    0x08008d04   0x08008d04   0x000001b4   Code   RO         3135    i.USART3_DMA_Init   usart3.o
    0x08008eb8   0x08008eb8   0x00000020   Code   RO         3136    i.USART3_IRQHandler  usart3.o
    0x08008ed8   0x08008ed8   0x000000b4   Code   RO         3197    i.USART6_Configuration  usart6.o
    0x08008f8c   0x08008f8c   0x000001b4   Code   RO         3198    i.USART6_DMA_Init   usart6.o
    0x08009140   0x08009140   0x00000028   Code   RO         3199    i.USART6_IRQHandler  usart6.o
    0x08009168   0x08009168   0x00000012   Code   RO         2413    i.USART_ClearFlag   stm32f4xx_usart.o
    0x0800917a   0x0800917a   0x00000018   Code   RO         2417    i.USART_Cmd         stm32f4xx_usart.o
    0x08009192   0x08009192   0x00000012   Code   RO         2418    i.USART_DMACmd      stm32f4xx_usart.o
    0x080091a4   0x080091a4   0x000000f0   Code   RO         2419    i.USART_DeInit      stm32f4xx_usart.o
    0x08009294   0x08009294   0x00000054   Code   RO         2421    i.USART_GetITStatus  stm32f4xx_usart.o
    0x080092e8   0x080092e8   0x0000004a   Code   RO         2423    i.USART_ITConfig    stm32f4xx_usart.o
    0x08009332   0x08009332   0x00000002   PAD
    0x08009334   0x08009334   0x000000d4   Code   RO         2424    i.USART_Init        stm32f4xx_usart.o
    0x08009408   0x08009408   0x0000000a   Code   RO         2431    i.USART_ReceiveData  stm32f4xx_usart.o
    0x08009412   0x08009412   0x00000008   Code   RO         2434    i.USART_SendData    stm32f4xx_usart.o
    0x0800941a   0x0800941a   0x00000016   Code   RO         5553    i.USBD_ClrCfg       SP19_USB.lib(usbd_core.o)
    0x08009430   0x08009430   0x00000048   Code   RO         5747    i.USBD_ClrFeature   SP19_USB.lib(usbd_req.o)
    0x08009478   0x08009478   0x0000001e   Code   RO         5666    i.USBD_CtlContinueRx  SP19_USB.lib(usbd_ioreq.o)
    0x08009496   0x08009496   0x0000001e   Code   RO         5667    i.USBD_CtlContinueSendData  SP19_USB.lib(usbd_ioreq.o)
    0x080094b4   0x080094b4   0x0000001e   Code   RO         5748    i.USBD_CtlError     SP19_USB.lib(usbd_req.o)
    0x080094d2   0x080094d2   0x00000024   Code   RO         5669    i.USBD_CtlReceiveStatus  SP19_USB.lib(usbd_ioreq.o)
    0x080094f6   0x080094f6   0x0000002e   Code   RO         5670    i.USBD_CtlSendData  SP19_USB.lib(usbd_ioreq.o)
    0x08009524   0x08009524   0x00000024   Code   RO         5671    i.USBD_CtlSendStatus  SP19_USB.lib(usbd_ioreq.o)
    0x08009548   0x08009548   0x000000d0   Code   RO         5554    i.USBD_DataInStage  SP19_USB.lib(usbd_core.o)
    0x08009618   0x08009618   0x00000096   Code   RO         5555    i.USBD_DataOutStage  SP19_USB.lib(usbd_core.o)
    0x080096ae   0x080096ae   0x00000002   PAD
    0x080096b0   0x080096b0   0x00000054   Code   RO         5749    i.USBD_GetConfig    SP19_USB.lib(usbd_req.o)
    0x08009704   0x08009704   0x00000122   Code   RO         5750    i.USBD_GetDescriptor  SP19_USB.lib(usbd_req.o)
    0x08009826   0x08009826   0x00000002   PAD
    0x08009828   0x08009828   0x00000050   Code   RO         5752    i.USBD_GetStatus    SP19_USB.lib(usbd_req.o)
    0x08009878   0x08009878   0x00000012   Code   RO         5558    i.USBD_IsoINIncomplete  SP19_USB.lib(usbd_core.o)
    0x0800988a   0x0800988a   0x00000012   Code   RO         5559    i.USBD_IsoOUTIncomplete  SP19_USB.lib(usbd_core.o)
    0x0800989c   0x0800989c   0x000000e0   Code   RO         5477    i.USBD_OTG_ISR_Handler  SP19_USB.lib(usb_dcd_int.o)
    0x0800997c   0x0800997c   0x00000048   Code   RO         5754    i.USBD_ParseSetupRequest  SP19_USB.lib(usbd_req.o)
    0x080099c4   0x080099c4   0x00000032   Code   RO         5560    i.USBD_Reset        SP19_USB.lib(usbd_core.o)
    0x080099f6   0x080099f6   0x0000001e   Code   RO         5561    i.USBD_Resume       SP19_USB.lib(usbd_core.o)
    0x08009a14   0x08009a14   0x00000014   Code   RO         5562    i.USBD_RunTestMode  SP19_USB.lib(usbd_core.o)
    0x08009a28   0x08009a28   0x0000001a   Code   RO         5563    i.USBD_SOF          SP19_USB.lib(usbd_core.o)
    0x08009a42   0x08009a42   0x0000005c   Code   RO         5755    i.USBD_SetAddress   SP19_USB.lib(usbd_req.o)
    0x08009a9e   0x08009a9e   0x0000001e   Code   RO         5564    i.USBD_SetCfg       SP19_USB.lib(usbd_core.o)
    0x08009abc   0x08009abc   0x000000d0   Code   RO         5756    i.USBD_SetConfig    SP19_USB.lib(usbd_req.o)
    0x08009b8c   0x08009b8c   0x000000a4   Code   RO         5757    i.USBD_SetFeature   SP19_USB.lib(usbd_req.o)
    0x08009c30   0x08009c30   0x00000054   Code   RO         5565    i.USBD_SetupStage   SP19_USB.lib(usbd_core.o)
    0x08009c84   0x08009c84   0x00000072   Code   RO         5758    i.USBD_StdDevReq    SP19_USB.lib(usbd_req.o)
    0x08009cf6   0x08009cf6   0x00000002   PAD
    0x08009cf8   0x08009cf8   0x0000015c   Code   RO         5759    i.USBD_StdEPReq     SP19_USB.lib(usbd_req.o)
    0x08009e54   0x08009e54   0x0000004c   Code   RO         5760    i.USBD_StdItfReq    SP19_USB.lib(usbd_req.o)
    0x08009ea0   0x08009ea0   0x00000020   Code   RO         5566    i.USBD_Suspend      SP19_USB.lib(usbd_core.o)
    0x08009ec0   0x08009ec0   0x0000001e   Code   RO         4696    i.USB_OTG_BSP_uDelay  usb_bsp.o
    0x08009ede   0x08009ede   0x0000006a   Code   RO         4980    i.USB_OTG_EP0Activate  SP19_USB.lib(usb_core.o)
    0x08009f48   0x08009f48   0x00000156   Code   RO         4981    i.USB_OTG_EP0StartXfer  SP19_USB.lib(usb_core.o)
    0x0800a09e   0x0800a09e   0x00000062   Code   RO         4982    i.USB_OTG_EP0_OutStart  SP19_USB.lib(usb_core.o)
    0x0800a100   0x0800a100   0x00000098   Code   RO         4983    i.USB_OTG_EPActivate  SP19_USB.lib(usb_core.o)
    0x0800a198   0x0800a198   0x00000050   Code   RO         4984    i.USB_OTG_EPClearStall  SP19_USB.lib(usb_core.o)
    0x0800a1e8   0x0800a1e8   0x00000064   Code   RO         4986    i.USB_OTG_EPSetStall  SP19_USB.lib(usb_core.o)
    0x0800a24c   0x0800a24c   0x000001f6   Code   RO         4987    i.USB_OTG_EPStartXfer  SP19_USB.lib(usb_core.o)
    0x0800a442   0x0800a442   0x00000002   PAD
    0x0800a444   0x0800a444   0x00000054   Code   RO         4993    i.USB_OTG_FlushTxFifo  SP19_USB.lib(usb_core.o)
    0x0800a498   0x0800a498   0x00000034   Code   RO         4994    i.USB_OTG_GetDeviceSpeed  SP19_USB.lib(usb_core.o)
    0x0800a4cc   0x0800a4cc   0x0000000c   Code   RO         4996    i.USB_OTG_GetMode   SP19_USB.lib(usb_core.o)
    0x0800a4d8   0x0800a4d8   0x00000016   Code   RO         5003    i.USB_OTG_IsDeviceMode  SP19_USB.lib(usb_core.o)
    0x0800a4ee   0x0800a4ee   0x00000010   Code   RO         5006    i.USB_OTG_ReadCoreItr  SP19_USB.lib(usb_core.o)
    0x0800a4fe   0x0800a4fe   0x00000010   Code   RO         5007    i.USB_OTG_ReadDevAllInEPItr  SP19_USB.lib(usb_core.o)
    0x0800a50e   0x0800a50e   0x00000010   Code   RO         5008    i.USB_OTG_ReadDevAllOutEp_itr  SP19_USB.lib(usb_core.o)
    0x0800a51e   0x0800a51e   0x00000014   Code   RO         5009    i.USB_OTG_ReadDevOutEP_itr  SP19_USB.lib(usb_core.o)
    0x0800a532   0x0800a532   0x00000028   Code   RO         5013    i.USB_OTG_ReadPacket  SP19_USB.lib(usb_core.o)
    0x0800a55a   0x0800a55a   0x00000036   Code   RO         5020    i.USB_OTG_UngateClock  SP19_USB.lib(usb_core.o)
    0x0800a590   0x0800a590   0x00000040   Code   RO         5021    i.USB_OTG_WritePacket  SP19_USB.lib(usb_core.o)
    0x0800a5d0   0x0800a5d0   0x00000004   Code   RO          313    i.UsageFault_Handler  stm32f4xx_it.o
    0x0800a5d4   0x0800a5d4   0x00000040   Code   RO         4118    i.Verify_CRC16_Check_Sum  refereeinfo.o
    0x0800a614   0x0800a614   0x0000002e   Code   RO         4119    i.Verify_CRC8_Check_Sum  refereeinfo.o
    0x0800a642   0x0800a642   0x00000002   PAD
    0x0800a644   0x0800a644   0x00000070   Code   RO         4425    i.WholeInitTask     controltask.o
    0x0800a6b4   0x0800a6b4   0x00000100   Code   RO         3611    i.YawPID_Gyro       gimbalcontrol.o
    0x0800a7b4   0x0800a7b4   0x000000c8   Code   RO         3613    i.YawPID_MechanicalAngle_Relative  gimbalcontrol.o
    0x0800a87c   0x0800a87c   0x00000030   Code   RO         6064    i.__ARM_fpclassify  m_wm.l(fpclassify.o)
    0x0800a8ac   0x0800a8ac   0x00000004   PAD
    0x0800a8b0   0x0800a8b0   0x00000360   Code   RO         5932    i.__hardfp_asin     m_wm.l(asin.o)
    0x0800ac10   0x0800ac10   0x000002d8   Code   RO         6033    i.__hardfp_atan     m_wm.l(atan.o)
    0x0800aee8   0x0800aee8   0x000001f0   Code   RO         5946    i.__hardfp_atan2    m_wm.l(atan2.o)
    0x0800b0d8   0x0800b0d8   0x000000c8   Code   RO         5958    i.__hardfp_cos      m_wm.l(cos.o)
    0x0800b1a0   0x0800b1a0   0x00000014   Code   RO         5970    i.__hardfp_fabs     m_wm.l(fabs.o)
    0x0800b1b4   0x0800b1b4   0x00000004   PAD
    0x0800b1b8   0x0800b1b8   0x000000c8   Code   RO         5976    i.__hardfp_sin      m_wm.l(sin.o)
    0x0800b280   0x0800b280   0x0000007a   Code   RO         5988    i.__hardfp_sqrt     m_wm.l(sqrt.o)
    0x0800b2fa   0x0800b2fa   0x00000006   PAD
    0x0800b300   0x0800b300   0x00000438   Code   RO         6069    i.__ieee754_rem_pio2  m_wm.l(rred.o)
    0x0800b738   0x0800b738   0x00000170   Code   RO         6047    i.__kernel_cos      m_wm.l(cos_i.o)
    0x0800b8a8   0x0800b8a8   0x000000f8   Code   RO         6066    i.__kernel_poly     m_wm.l(poly.o)
    0x0800b9a0   0x0800b9a0   0x00000130   Code   RO         6074    i.__kernel_sin      m_wm.l(sin_i.o)
    0x0800bad0   0x0800bad0   0x00000014   Code   RO         6051    i.__mathlib_dbl_infnan  m_wm.l(dunder.o)
    0x0800bae4   0x0800bae4   0x00000014   Code   RO         6052    i.__mathlib_dbl_infnan2  m_wm.l(dunder.o)
    0x0800baf8   0x0800baf8   0x00000020   Code   RO         6053    i.__mathlib_dbl_invalid  m_wm.l(dunder.o)
    0x0800bb18   0x0800bb18   0x00000020   Code   RO         6056    i.__mathlib_dbl_underflow  m_wm.l(dunder.o)
    0x0800bb38   0x0800bb38   0x00000012   Code   RO         4122    i._bytes2u16        refereeinfo.o
    0x0800bb4a   0x0800bb4a   0x00000002   PAD
    0x0800bb4c   0x0800bb4c   0x00000014   Code   RO         4124    i.aerial_robot_energy_interpret  refereeinfo.o
    0x0800bb60   0x0800bb60   0x00000010   Code   RO         6035    i.atan              m_wm.l(atan.o)
    0x0800bb70   0x0800bb70   0x00000060   Code   RO         4062    i.auto_aim_init     auto_aim.o
    0x0800bbd0   0x0800bbd0   0x00000064   Code   RO         4063    i.auto_bigbuff_init  auto_aim.o
    0x0800bc34   0x0800bc34   0x0000003c   Code   RO         3464    i.can2_monitor      monitorcontrol.o
    0x0800bc70   0x0800bc70   0x0000011c   Code   RO         3465    i.clear_zero_float  monitorcontrol.o
    0x0800bd8c   0x0800bd8c   0x00000210   Code   RO         2684    i.continue_value    can.o
    0x0800bf9c   0x0800bf9c   0x00000024   Code   RO         3389    i.crc8Check         usart2.o
    0x0800bfc0   0x0800bfc0   0x0000003c   Code   RO         2776    i.delay_init        delay.o
    0x0800bffc   0x0800bffc   0x00000038   Code   RO         2777    i.delay_ms          delay.o
    0x0800c034   0x0800c034   0x0000004c   Code   RO         2778    i.delay_us          delay.o
    0x0800c080   0x0800c080   0x0000004c   Code   RO         2779    i.delay_xms         delay.o
    0x0800c0cc   0x0800c0cc   0x000000d8   Code   RO         3908    i.dmaFrictionUpdata  shootcontrol.o
    0x0800c1a4   0x0800c1a4   0x0000000c   Code   RO         4126    i.ext_buff_musk_interpret  refereeinfo.o
    0x0800c1b0   0x0800c1b0   0x0000000c   Code   RO         4127    i.ext_event_data_interpret  refereeinfo.o
    0x0800c1bc   0x0800c1bc   0x0000000c   Code   RO         4128    i.ext_game_result_interpret  refereeinfo.o
    0x0800c1c8   0x0800c1c8   0x00000018   Code   RO         4129    i.ext_game_robot_pos_interpret  refereeinfo.o
    0x0800c1e0   0x0800c1e0   0x00000064   Code   RO         4130    i.ext_game_robot_state_interpret  refereeinfo.o
    0x0800c244   0x0800c244   0x00000014   Code   RO         4131    i.ext_game_robot_survivors_interpret  refereeinfo.o
    0x0800c258   0x0800c258   0x0000002c   Code   RO         4132    i.ext_game_state_interpret  refereeinfo.o
    0x0800c284   0x0800c284   0x00000020   Code   RO         4133    i.ext_power_heat_data_interpret  refereeinfo.o
    0x0800c2a4   0x0800c2a4   0x0000002c   Code   RO         4134    i.ext_robot_hurt_interpret  refereeinfo.o
    0x0800c2d0   0x0800c2d0   0x00000028   Code   RO         4135    i.ext_shoot_data_interpret  refereeinfo.o
    0x0800c2f8   0x0800c2f8   0x00000018   Code   RO         4136    i.ext_student_interactive_header_data_interpret  refereeinfo.o
    0x0800c310   0x0800c310   0x00000014   Code   RO         4137    i.ext_supply_projectile_action_interpret  refereeinfo.o
    0x0800c324   0x0800c324   0x00000010   Code   RO         4138    i.ext_supply_projectile_booking_interpret  refereeinfo.o
    0x0800c334   0x0800c334   0x00000018   Code   RO         5972    i.fabs              m_wm.l(fabs.o)
    0x0800c34c   0x0800c34c   0x00000048   Code   RO         3748    i.followValCal      cmcontrol.o
    0x0800c394   0x0800c394   0x0000011c   Code   RO         4140    i.frame_interpret   refereeinfo.o
    0x0800c4b0   0x0800c4b0   0x00000030   Code   RO         3909    i.friction_current_speed  shootcontrol.o
    0x0800c4e0   0x0800c4e0   0x00000016   Code   RO         3280    i.getDeviceID       mpu6500.o
    0x0800c4f6   0x0800c4f6   0x00000002   PAD
    0x0800c4f8   0x0800c4f8   0x00000140   Code   RO         3281    i.gyro_offset       mpu6500.o
    0x0800c638   0x0800c638   0x000001b0   Code   RO         3838    i.init_euler        euler.o
    0x0800c7e8   0x0800c7e8   0x0000003c   Code   RO         3839    i.invSqrt           euler.o
    0x0800c824   0x0800c824   0x00000328   Code   RO         3749    i.key_move          cmcontrol.o
    0x0800cb4c   0x0800cb4c   0x000003c4   Code   RO         3750    i.keyboardmove      cmcontrol.o
    0x0800cf10   0x0800cf10   0x00000008   Code   RO            4    i.main              main.o
    0x0800cf18   0x0800cf18   0x00000090   Code   RO         3466    i.monitorControlLoop  monitorcontrol.o
    0x0800cfa8   0x0800cfa8   0x00000288   Code   RO         3751    i.move              cmcontrol.o
    0x0800d230   0x0800d230   0x00000010   Code   RO         3282    i.myabs             mpu6500.o
    0x0800d240   0x0800d240   0x0000001c   Code   RO         3390    i.packFrame         usart2.o
    0x0800d25c   0x0800d25c   0x00000070   Code   RO         3467    i.press_send_rectangle  monitorcontrol.o
    0x0800d2cc   0x0800d2cc   0x00000050   Code   RO         3468    i.raging_monitor    monitorcontrol.o
    0x0800d31c   0x0800d31c   0x000001f8   Code   RO         3053    i.real_data_update  adi_gyro.o
    0x0800d514   0x0800d514   0x00000078   Code   RO         4143    i.referee_send_client  refereeinfo.o
    0x0800d58c   0x0800d58c   0x0000006c   Code   RO         4144    i.referee_send_client_graphic  refereeinfo.o
    0x0800d5f8   0x0800d5f8   0x00000138   Code   RO         4397    i.send_com_control  sendcom.o
    0x0800d730   0x0800d730   0x0000022c   Code   RO         4145    i.send_data_to_client  refereeinfo.o
    0x0800d95c   0x0800d95c   0x000000a8   Code   RO         3391    i.sendtoComputer    usart2.o
    0x0800da04   0x0800da04   0x0000006e   Code   RO         5990    i.sqrt              m_wm.l(sqrt.o)
    0x0800da72   0x0800da72   0x00000002   PAD
    0x0800da74   0x0800da74   0x000000b0   Code   RO         3614    i.target_offset     gimbalcontrol.o
    0x0800db24   0x0800db24   0x00000350   Code   RO         3841    i.update_euler_mpu  euler.o
    0x0800de74   0x0800de74   0x00000028   Code   RO         4147    i.update_from_dma   refereeinfo.o
    0x0800de9c   0x0800de9c   0x0000002a   Code   RO         4148    i.vrerify_frame     refereeinfo.o
    0x0800dec6   0x0800dec6   0x00000018   Code   RO         6018    x$fpl$basic         fz_wm.l(basic.o)
    0x0800dede   0x0800dede   0x00000002   PAD
    0x0800dee0   0x0800dee0   0x00000062   Code   RO         5894    x$fpl$d2f           fz_wm.l(d2f.o)
    0x0800df42   0x0800df42   0x00000002   PAD
    0x0800df44   0x0800df44   0x00000150   Code   RO         5896    x$fpl$dadd          fz_wm.l(daddsub_clz.o)
    0x0800e094   0x0800e094   0x00000018   Code   RO         6020    x$fpl$dcmpinf       fz_wm.l(dcmpi.o)
    0x0800e0ac   0x0800e0ac   0x000002b0   Code   RO         5903    x$fpl$ddiv          fz_wm.l(ddiv.o)
    0x0800e35c   0x0800e35c   0x00000078   Code   RO         5906    x$fpl$deqf          fz_wm.l(deqf.o)
    0x0800e3d4   0x0800e3d4   0x0000005e   Code   RO         5908    x$fpl$dfix          fz_wm.l(dfix.o)
    0x0800e432   0x0800e432   0x0000002e   Code   RO         5913    x$fpl$dflt          fz_wm.l(dflt_clz.o)
    0x0800e460   0x0800e460   0x00000026   Code   RO         5912    x$fpl$dfltu         fz_wm.l(dflt_clz.o)
    0x0800e486   0x0800e486   0x00000002   PAD
    0x0800e488   0x0800e488   0x00000078   Code   RO         5918    x$fpl$dleqf         fz_wm.l(dleqf.o)
    0x0800e500   0x0800e500   0x00000154   Code   RO         5920    x$fpl$dmul          fz_wm.l(dmul.o)
    0x0800e654   0x0800e654   0x0000009c   Code   RO         6022    x$fpl$dnaninf       fz_wm.l(dnaninf.o)
    0x0800e6f0   0x0800e6f0   0x0000000c   Code   RO         6024    x$fpl$dretinf       fz_wm.l(dretinf.o)
    0x0800e6fc   0x0800e6fc   0x0000006c   Code   RO         5922    x$fpl$drleqf        fz_wm.l(drleqf.o)
    0x0800e768   0x0800e768   0x00000016   Code   RO         5897    x$fpl$drsb          fz_wm.l(daddsub_clz.o)
    0x0800e77e   0x0800e77e   0x00000002   PAD
    0x0800e780   0x0800e780   0x00000198   Code   RO         6026    x$fpl$dsqrt         fz_wm.l(dsqrt_umaal.o)
    0x0800e918   0x0800e918   0x000001d4   Code   RO         5898    x$fpl$dsub          fz_wm.l(daddsub_clz.o)
    0x0800eaec   0x0800eaec   0x00000056   Code   RO         5924    x$fpl$f2d           fz_wm.l(f2d.o)
    0x0800eb42   0x0800eb42   0x00000060   Code   RO         5930    x$fpl$ffltll        fz_wm.l(ffltll_clz.o)
    0x0800eba2   0x0800eba2   0x0000008c   Code   RO         6028    x$fpl$fnaninf       fz_wm.l(fnaninf.o)
    0x0800ec2e   0x0800ec2e   0x0000000a   Code   RO         6336    x$fpl$fpinit        fz_wm.l(fpinit.o)
    0x0800ec38   0x0800ec38   0x0000000a   Code   RO         6030    x$fpl$fretinf       fz_wm.l(fretinf.o)
    0x0800ec42   0x0800ec42   0x00000002   PAD
    0x0800ec44   0x0800ec44   0x00000086   Code   RO         5926    x$fpl$llsfromf      fz_wm.l(ffixll.o)
    0x0800ecca   0x0800ecca   0x00000000   Code   RO         6032    x$fpl$usenofp       fz_wm.l(usenofp.o)
    0x0800ecca   0x0800ecca   0x00000304   Data   RO         3393    .constdata          usart2.o
    0x0800efce   0x0800efce   0x00000302   Data   RO         4150    .constdata          refereeinfo.o
    0x0800f2d0   0x0800f2d0   0x00000050   Data   RO         5935    .constdata          m_wm.l(asin.o)
    0x0800f320   0x0800f320   0x00000098   Data   RO         6036    .constdata          m_wm.l(atan.o)
    0x0800f3b8   0x0800f3b8   0x00000030   Data   RO         6048    .constdata          m_wm.l(cos_i.o)
    0x0800f3e8   0x0800f3e8   0x00000008   Data   RO         6068    .constdata          m_wm.l(qnan.o)
    0x0800f3f0   0x0800f3f0   0x000000c8   Data   RO         6071    .constdata          m_wm.l(rred.o)
    0x0800f4b8   0x0800f4b8   0x00000028   Data   RO         6075    .constdata          m_wm.l(sin_i.o)
    0x0800f4e0   0x0800f4e0   0x00000020   Data   RO         6417    Region$$Table       anon$$obj.o


    Execution Region RW_IRAM1 (Exec base: 0x20000000, Load base: 0x0800f500, Size: 0x000027c0, Max: 0x00030000, ABSOLUTE, COMPRESSED[0x000001a4])

    Exec Addr    Load Addr    Size         Type   Attr      Idx    E Section Name        Object

    0x20000000   COMPRESSED   0x00000010   Data   RW         1268    .data               stm32f4xx_rcc.o
    0x20000010   COMPRESSED   0x00000046   Data   RW         2686    .data               can.o
    0x20000056   COMPRESSED   0x00000004   Data   RW         2780    .data               delay.o
    0x2000005a   COMPRESSED   0x0000000a   Data   RW         2862    .data               rc.o
    0x20000064   COMPRESSED   0x0000000e   Data   RW         2922    .data               timer.o
    0x20000072   COMPRESSED   0x00000002   PAD
    0x20000074   COMPRESSED   0x00000010   Data   RW         3055    .data               adi_gyro.o
    0x20000084   COMPRESSED   0x00000010   Data   RW         3284    .data               mpu6500.o
    0x20000094   COMPRESSED   0x00000006   Data   RW         3394    .data               usart2.o
    0x2000009a   COMPRESSED   0x00000006   PAD
    0x200000a0   COMPRESSED   0x00000054   Data   RW         3469    .data               monitorcontrol.o
    0x200000f4   COMPRESSED   0x00000020   Data   RW         3547    .data               remotecontrol.o
    0x20000114   COMPRESSED   0x00000140   Data   RW         3616    .data               gimbalcontrol.o
    0x20000254   COMPRESSED   0x00000094   Data   RW         3753    .data               cmcontrol.o
    0x200002e8   COMPRESSED   0x00000048   Data   RW         3842    .data               euler.o
    0x20000330   COMPRESSED   0x00000114   Data   RW         3912    .data               shootcontrol.o
    0x20000444   COMPRESSED   0x00000004   PAD
    0x20000448   COMPRESSED   0x00000200   Data   RW         4066    .data               auto_aim.o
    0x20000648   COMPRESSED   0x00000050   Data   RW         4151    .data               refereeinfo.o
    0x20000698   COMPRESSED   0x0000000c   Data   RW         4398    .data               sendcom.o
    0x200006a4   COMPRESSED   0x00000028   Data   RW         4426    .data               controltask.o
    0x200006cc   COMPRESSED   0x00000034   Data   RW         5567    .data               SP19_USB.lib(usbd_core.o)
    0x20000700   COMPRESSED   0x0000000d   Data   RW         5762    .data               SP19_USB.lib(usbd_req.o)
    0x2000070d   COMPRESSED   0x00000003   PAD
    0x20000710        -       0x00000030   Zero   RW         2613    .bss                bsp.o
    0x20000740        -       0x00000032   Zero   RW         2685    .bss                can.o
    0x20000772        -       0x0000003e   Zero   RW         2861    .bss                rc.o
    0x200007b0        -       0x0000003c   Zero   RW         3054    .bss                adi_gyro.o
    0x200007ec        -       0x0000007a   Zero   RW         3137    .bss                usart3.o
    0x20000866        -       0x00000198   Zero   RW         3200    .bss                usart6.o
    0x200009fe   COMPRESSED   0x00000002   PAD
    0x20000a00        -       0x0000002c   Zero   RW         3283    .bss                mpu6500.o
    0x20000a2c        -       0x0000003c   Zero   RW         3392    .bss                usart2.o
    0x20000a68        -       0x000003b0   Zero   RW         3615    .bss                gimbalcontrol.o
    0x20000e18        -       0x00000210   Zero   RW         3752    .bss                cmcontrol.o
    0x20001028        -       0x00000218   Zero   RW         3911    .bss                shootcontrol.o
    0x20001240        -       0x00000318   Zero   RW         4065    .bss                auto_aim.o
    0x20001558        -       0x00000106   Zero   RW         4149    .bss                refereeinfo.o
    0x2000165e   COMPRESSED   0x00000002   PAD
    0x20001660        -       0x00000b00   Zero   RW         4626    .bss                usb.o
    0x20002160        -       0x00000060   Zero   RW         6126    .bss                c_w.l(libspace.o)
    0x200021c0        -       0x00000200   Zero   RW         2603    HEAP                startup_stm32f40_41xxx.o
    0x200023c0        -       0x00000400   Zero   RW         2602    STACK               startup_stm32f40_41xxx.o


==============================================================================

Image component sizes


      Code (inc. data)   RO Data    RW Data    ZI Data      Debug   Object Name

      1246        122          0         16         60       8873   adi_gyro.o
      1936        322          0        512        792       7562   auto_aim.o
       208         16          0          0         48       1018   bsp.o
       176         10          0          0          0        766   buzzer.o
      2328        234          0         70         50      10602   can.o
      7204        472          0        148        528      12227   cmcontrol.o
       492         42          0         40          0       2379   controltask.o
       268         16          0          4          0       2839   delay.o
      1340        120          0         72          0       3593   euler.o
      5042        904          0        320        944      18030   gimbalcontrol.o
        64          4          0          0          0        630   laser.o
       228         16          0          0          0       1873   led.o
         8          0          0          0          0     356785   main.o
       180         24          0          0          0       2297   misc.o
       992        182          0         84          0       6692   monitorcontrol.o
      1098         84          0         16         44      10548   mpu6500.o
       908         72          0         10         62       5265   rc.o
      2322        200        770         80        262      29441   refereeinfo.o
       640        118          0         32          0       3969   remotecontrol.o
       312         30          0         12          0       1121   sendcom.o
      5102        726          0        276        536      18434   shootcontrol.o
       236          4          0          0          0       1010   sp_filter.o
       120         12          0          0          0       3154   sp_math.o
      1186         38          0          0          0       3843   sp_pid.o
       596         44          0          0          0       2850   spi.o
        64         26        392          0       1536        884   startup_stm32f40_41xxx.o
      1566         16          0          0          0       6926   stm32f4xx_can.o
       816         86          0          0          0       8960   stm32f4xx_dma.o
       184         16          0          0          0       2320   stm32f4xx_exti.o
       222          0          0          0          0       3159   stm32f4xx_gpio.o
        20          0          0          0          0       3185   stm32f4xx_it.o
       392         48          0         16          0       6281   stm32f4xx_rcc.o
        84          0          0          0          0       1897   stm32f4xx_spi.o
        64          4          0          0          0        708   stm32f4xx_syscfg.o
      1464        100          0          0          0      17850   stm32f4xx_tim.o
       688         42          0          0          0       7247   stm32f4xx_usart.o
       392         32          0          0          0       1749   system_stm32f4xx.o
      1476        122          0         14          0       8081   timer.o
       856         88        772          6         60       7368   usart2.o
       540         50          0          0        122       3494   usart3.o
       796         68          0          0        408       5149   usart6.o
         0          0          0          0       2816       1545   usb.o
        86         14          0          0          0       2408   usb_bsp.o

    ----------------------------------------------------------------------
     43978       4524       1966       1740       8272     605012   Object Totals
         0          0         32          0          0          0   (incl. Generated)
        36          0          0         12          4          0   (incl. Padding)

    ----------------------------------------------------------------------

      Code (inc. data)   RO Data    RW Data    ZI Data      Debug   Library Member Name

      1776          4          0          0          0      35859   usb_core.o
       436          0          0          0          0       4754   usb_dcd.o
      1930         50          0          0          0       9791   usb_dcd_int.o
       688          6          0         52          0      10074   usbd_core.o
       178          0          0          0          0      21152   usbd_ioreq.o
      1630         54          0         13          0       9622   usbd_req.o
        90          0          0          0          0          0   __dczerorl2.o
         8          0          0          0          0         68   __main.o
         0          0          0          0          0          0   __rtentry.o
        12          0          0          0          0          0   __rtentry2.o
         6          0          0          0          0          0   __rtentry4.o
        52          8          0          0          0          0   __scatter.o
        28          0          0          0          0          0   __scatter_zi.o
        22          0          0          0          0        100   _rserrno.o
        18          0          0          0          0         80   exit.o
         6          0          0          0          0        152   heapauxi.o
         0          0          0          0          0          0   indicate_semi.o
         2          0          0          0          0          0   libinit.o
         6          0          0          0          0          0   libinit2.o
         2          0          0          0          0          0   libshutdown.o
         2          0          0          0          0          0   libshutdown2.o
         8          4          0          0         96         68   libspace.o
        72          0          0          0          0         76   llsdiv.o
       238          0          0          0          0        100   lludivv7m.o
         8          4          0          0          0         68   rt_errno_addr_intlibspace.o
        78          0          0          0          0         80   rt_memclr_w.o
       138          0          0          0          0         68   rt_memcpy_v6.o
       100          0          0          0          0         80   rt_memcpy_w.o
         2          0          0          0          0          0   rtexit.o
        10          0          0          0          0          0   rtexit2.o
        62          0          0          0          0         76   strlen.o
        12          4          0          0          0         68   sys_exit.o
        74          0          0          0          0         80   sys_stackheap_outer.o
         2          0          0          0          0         68   use_no_semi.o
        24          0          0          0          0        164   basic.o
        98          4          0          0          0        140   d2f.o
       826         16          0          0          0        492   daddsub_clz.o
        24          0          0          0          0        116   dcmpi.o
       688        140          0          0          0        256   ddiv.o
       120          4          0          0          0        140   deqf.o
        94          4          0          0          0        140   dfix.o
        84          0          0          0          0        232   dflt_clz.o
       120          4          0          0          0        140   dleqf.o
       340         12          0          0          0        152   dmul.o
       156          4          0          0          0        140   dnaninf.o
        12          0          0          0          0        116   dretinf.o
       108          0          0          0          0        128   drleqf.o
       408         56          0          0          0        168   dsqrt_umaal.o
        86          4          0          0          0        132   f2d.o
       134          4          0          0          0        132   ffixll.o
        96          0          0          0          0        132   ffltll_clz.o
       140          4          0          0          0        132   fnaninf.o
        10          0          0          0          0        116   fpinit.o
        10          0          0          0          0        116   fretinf.o
         0          0          0          0          0          0   usenofp.o
       864         94         80          0          0        280   asin.o
       744        106        152          0          0        352   atan.o
       496         64          0          0          0        192   atan2.o
       200         20          0          0          0        164   cos.o
       368         46         48          0          0        200   cos_i.o
       104         16          0          0          0        496   dunder.o
        44          0          0          0          0        248   fabs.o
        48          0          0          0          0        124   fpclassify.o
       248          0          0          0          0        152   poly.o
         0          0          8          0          0          0   qnan.o
      1080        142        200          0          0        188   rred.o
       200         20          0          0          0        164   sin.o
       304         24         40          0          0        208   sin_i.o
       232          0          0          0          0        296   sqrt.o

    ----------------------------------------------------------------------
     16248        922        528         68         96      98832   Library Totals
        42          0          0          3          0          0   (incl. Padding)

    ----------------------------------------------------------------------

      Code (inc. data)   RO Data    RW Data    ZI Data      Debug   Library Name

      6638        114          0         65          0      91252   SP19_USB.lib
      1058         20          0          0         96       1232   c_w.l
      3578        256          0          0          0       3284   fz_wm.l
      4932        532        528          0          0       3064   m_wm.l

    ----------------------------------------------------------------------
     16248        922        528         68         96      98832   Library Totals

    ----------------------------------------------------------------------

==============================================================================


      Code (inc. data)   RO Data    RW Data    ZI Data      Debug   

     60226       5446       2494       1808       8368     667572   Grand Totals
     60226       5446       2494        420       8368     667572   ELF Image Totals (compressed)
     60226       5446       2494        420          0          0   ROM Totals

==============================================================================

    Total RO  Size (Code + RO Data)                62720 (  61.25kB)
    Total RW  Size (RW Data + ZI Data)             10176 (   9.94kB)
    Total ROM Size (Code + RO Data + RW Data)      63140 (  61.66kB)

==============================================================================

